Component: ARM Compiler 5.06 update 7 (build 960) Tool: armlink [4d3601]

==============================================================================

Section Cross References

    startup_stm32f10x_md.o(RESET) refers to startup_stm32f10x_md.o(STACK) for __initial_sp
    startup_stm32f10x_md.o(RESET) refers to startup_stm32f10x_md.o(.text) for Reset_Handler
    startup_stm32f10x_md.o(RESET) refers to stm32f10x_it.o(i.NMI_Handler) for NMI_Handler
    startup_stm32f10x_md.o(RESET) refers to stm32f10x_it.o(i.HardFault_Handler) for HardFault_Handler
    startup_stm32f10x_md.o(RESET) refers to stm32f10x_it.o(i.MemManage_Handler) for MemManage_Handler
    startup_stm32f10x_md.o(RESET) refers to stm32f10x_it.o(i.BusFault_Handler) for BusFault_Handler
    startup_stm32f10x_md.o(RESET) refers to stm32f10x_it.o(i.UsageFault_Handler) for UsageFault_Handler
    startup_stm32f10x_md.o(RESET) refers to port.o(.emb_text) for SVC_Handler
    startup_stm32f10x_md.o(RESET) refers to stm32f10x_it.o(i.DebugMon_Handler) for DebugMon_Handler
    startup_stm32f10x_md.o(RESET) refers to stm32f10x_it.o(i.SysTick_Handler) for SysTick_Handler
    startup_stm32f10x_md.o(RESET) refers to stm32f10x_it.o(i.EXTI9_5_IRQHandler) for EXTI9_5_IRQHandler
    startup_stm32f10x_md.o(RESET) refers to stm32f10x_it.o(i.TIM1_UP_IRQHandler) for TIM1_UP_IRQHandler
    startup_stm32f10x_md.o(RESET) refers to stm32f10x_it.o(i.TIM2_IRQHandler) for TIM2_IRQHandler
    startup_stm32f10x_md.o(RESET) refers to stm32f10x_it.o(i.TIM3_IRQHandler) for TIM3_IRQHandler
    startup_stm32f10x_md.o(RESET) refers to stm32f10x_it.o(i.TIM4_IRQHandler) for TIM4_IRQHandler
    startup_stm32f10x_md.o(RESET) refers to stm32f10x_it.o(i.USART2_IRQHandler) for USART2_IRQHandler
    startup_stm32f10x_md.o(.text) refers to system_stm32f10x.o(i.SystemInit) for SystemInit
    startup_stm32f10x_md.o(.text) refers to entry.o(.ARM.Collect$$$$00000000) for __main
    stm32f10x_adc.o(i.ADC_DeInit) refers to stm32f10x_rcc.o(i.RCC_APB2PeriphResetCmd) for RCC_APB2PeriphResetCmd
    stm32f10x_bkp.o(i.BKP_DeInit) refers to stm32f10x_rcc.o(i.RCC_BackupResetCmd) for RCC_BackupResetCmd
    stm32f10x_can.o(i.CAN_DeInit) refers to stm32f10x_rcc.o(i.RCC_APB1PeriphResetCmd) for RCC_APB1PeriphResetCmd
    stm32f10x_can.o(i.CAN_GetITStatus) refers to stm32f10x_can.o(i.CheckITStatus) for CheckITStatus
    stm32f10x_cec.o(i.CEC_DeInit) refers to stm32f10x_rcc.o(i.RCC_APB1PeriphResetCmd) for RCC_APB1PeriphResetCmd
    stm32f10x_dac.o(i.DAC_DeInit) refers to stm32f10x_rcc.o(i.RCC_APB1PeriphResetCmd) for RCC_APB1PeriphResetCmd
    stm32f10x_flash.o(i.FLASH_EnableWriteProtection) refers to stm32f10x_flash.o(i.FLASH_WaitForLastOperation) for FLASH_WaitForLastOperation
    stm32f10x_flash.o(i.FLASH_EraseAllBank1Pages) refers to stm32f10x_flash.o(i.FLASH_WaitForLastBank1Operation) for FLASH_WaitForLastBank1Operation
    stm32f10x_flash.o(i.FLASH_EraseAllPages) refers to stm32f10x_flash.o(i.FLASH_WaitForLastOperation) for FLASH_WaitForLastOperation
    stm32f10x_flash.o(i.FLASH_EraseOptionBytes) refers to stm32f10x_flash.o(i.FLASH_GetReadOutProtectionStatus) for FLASH_GetReadOutProtectionStatus
    stm32f10x_flash.o(i.FLASH_EraseOptionBytes) refers to stm32f10x_flash.o(i.FLASH_WaitForLastOperation) for FLASH_WaitForLastOperation
    stm32f10x_flash.o(i.FLASH_ErasePage) refers to stm32f10x_flash.o(i.FLASH_WaitForLastOperation) for FLASH_WaitForLastOperation
    stm32f10x_flash.o(i.FLASH_ProgramHalfWord) refers to stm32f10x_flash.o(i.FLASH_WaitForLastOperation) for FLASH_WaitForLastOperation
    stm32f10x_flash.o(i.FLASH_ProgramOptionByteData) refers to stm32f10x_flash.o(i.FLASH_WaitForLastOperation) for FLASH_WaitForLastOperation
    stm32f10x_flash.o(i.FLASH_ProgramWord) refers to stm32f10x_flash.o(i.FLASH_WaitForLastOperation) for FLASH_WaitForLastOperation
    stm32f10x_flash.o(i.FLASH_ReadOutProtection) refers to stm32f10x_flash.o(i.FLASH_WaitForLastOperation) for FLASH_WaitForLastOperation
    stm32f10x_flash.o(i.FLASH_UserOptionByteConfig) refers to stm32f10x_flash.o(i.FLASH_WaitForLastOperation) for FLASH_WaitForLastOperation
    stm32f10x_flash.o(i.FLASH_WaitForLastBank1Operation) refers to stm32f10x_flash.o(i.FLASH_GetBank1Status) for FLASH_GetBank1Status
    stm32f10x_flash.o(i.FLASH_WaitForLastOperation) refers to stm32f10x_flash.o(i.FLASH_GetBank1Status) for FLASH_GetBank1Status
    stm32f10x_gpio.o(i.GPIO_AFIODeInit) refers to stm32f10x_rcc.o(i.RCC_APB2PeriphResetCmd) for RCC_APB2PeriphResetCmd
    stm32f10x_gpio.o(i.GPIO_DeInit) refers to stm32f10x_rcc.o(i.RCC_APB2PeriphResetCmd) for RCC_APB2PeriphResetCmd
    stm32f10x_i2c.o(i.I2C_DeInit) refers to stm32f10x_rcc.o(i.RCC_APB1PeriphResetCmd) for RCC_APB1PeriphResetCmd
    stm32f10x_i2c.o(i.I2C_Init) refers to stm32f10x_rcc.o(i.RCC_GetClocksFreq) for RCC_GetClocksFreq
    stm32f10x_pwr.o(i.PWR_DeInit) refers to stm32f10x_rcc.o(i.RCC_APB1PeriphResetCmd) for RCC_APB1PeriphResetCmd
[...]
    i.ILI9486_showchar_Ch                    0x08002040   Section        0  ili9486.o(i.ILI9486_showchar_Ch)
    i.ILI9486_showchar_En                    0x08002112   Section        0  ili9486.o(i.ILI9486_showchar_En)
    i.ILI9486_showstring_Ch                  0x080021d8   Section        0  ili9486.o(i.ILI9486_showstring_Ch)
    i.ILI9486_showstring_En                  0x0800229c   Section        0  ili9486.o(i.ILI9486_showstring_En)
    i.ILI9486_tftlcd_gpio_config             0x08002348   Section        0  ili9486.o(i.ILI9486_tftlcd_gpio_config)
    i.ILI9486_tftlcd_init                    0x080023c8   Section        0  ili9486.o(i.ILI9486_tftlcd_init)
    i.ILI9486_write_cmd                      0x0800257c   Section        0  ili9486.o(i.ILI9486_write_cmd)
    i.ILI9486_write_cmd_data                 0x080025a4   Section        0  ili9486.o(i.ILI9486_write_cmd_data)
    i.ILI9486_write_data                     0x080025cc   Section        0  ili9486.o(i.ILI9486_write_data)
    i.IWDG_Enable                            0x08002604   Section        0  stm32f10x_iwdg.o(i.IWDG_Enable)
    i.IWDG_ReloadCounter                     0x08002614   Section        0  stm32f10x_iwdg.o(i.IWDG_ReloadCounter)
    i.IWDG_SetPrescaler                      0x08002624   Section        0  stm32f10x_iwdg.o(i.IWDG_SetPrescaler)
    i.IWDG_SetReload                         0x08002630   Section        0  stm32f10x_iwdg.o(i.IWDG_SetReload)
    i.IWDG_Task                              0x0800263c   Section        0  main.o(i.IWDG_Task)
    IWDG_Task                                0x0800263d   Thumb Code    16  main.o(i.IWDG_Task)
    i.IWDG_WriteAccessCmd                    0x0800264c   Section        0  stm32f10x_iwdg.o(i.IWDG_WriteAccessCmd)
    i.KeyScan_Task                           0x08002658   Section        0  main.o(i.KeyScan_Task)
    KeyScan_Task                             0x08002659   Thumb Code    30  main.o(i.KeyScan_Task)
    i.Key_Init                               0x08002678   Section        0  bsp_key.o(i.Key_Init)
    i.Key_Scan                               0x080026cc   Section        0  bsp_key.o(i.Key_Scan)
    i.Lap_Test_Menu                          0x08002798   Section        0  bsp_interface.o(i.Lap_Test_Menu)
    i.MainMenu                               0x08002868   Section        0  bsp_interface.o(i.MainMenu)
    i.MemManage_Handler                      0x0800295c   Section        0  stm32f10x_it.o(i.MemManage_Handler)
    i.Multi_slave_function_interface         0x08002960   Section        0  bsp_interface.o(i.Multi_slave_function_interface)
    i.NMI_Handler                            0x08002b14   Section        0  stm32f10x_it.o(i.NMI_Handler)
    i.NVIC_Init                              0x08002b18   Section        0  misc.o(i.NVIC_Init)
    i.NVIC_PriorityGroupConfig               0x08002b88   Section        0  misc.o(i.NVIC_PriorityGroupConfig)
    i.Page_Down                              0x08002b9c   Section        0  bsp_interface.o(i.Page_Down)
    i.Page_Up                                0x08002df0   Section        0  bsp_interface.o(i.Page_Up)
    i.RCC_APB1PeriphClockCmd                 0x08003060   Section        0  stm32f10x_rcc.o(i.RCC_APB1PeriphClockCmd)
    i.RCC_APB1PeriphResetCmd                 0x08003080   Section        0  stm32f10x_rcc.o(i.RCC_APB1PeriphResetCmd)
    i.RCC_APB2PeriphClockCmd                 0x080030a0   Section        0  stm32f10x_rcc.o(i.RCC_APB2PeriphClockCmd)
    i.RCC_APB2PeriphResetCmd                 0x080030c0   Section        0  stm32f10x_rcc.o(i.RCC_APB2PeriphResetCmd)
    i.RCC_GetClocksFreq                      0x080030e0   Section        0  stm32f10x_rcc.o(i.RCC_GetClocksFreq)
    i.Ready_Fun                              0x080031b4   Section        0  bsp_button.o(i.Ready_Fun)
    i.SPI_Cmd                                0x08003220   Section        0  stm32f10x_spi.o(i.SPI_Cmd)
    i.SPI_Config                             0x08003238   Section        0  bsp_spi.o(i.SPI_Config)
    i.SPI_GPIO_Config                        0x08003288   Section        0  bsp_spi.o(i.SPI_GPIO_Config)
    i.SPI_I2S_GetFlagStatus                  0x080032f4   Section        0  stm32f10x_spi.o(i.SPI_I2S_GetFlagStatus)
    i.SPI_I2S_ReceiveData                    0x08003306   Section        0  stm32f10x_spi.o(i.SPI_I2S_ReceiveData)
    i.SPI_I2S_SendData                       0x0800330c   Section        0  stm32f10x_spi.o(i.SPI_I2S_SendData)
    i.SPI_ILI9486_Init                       0x08003310   Section        0  bsp_spi.o(i.SPI_ILI9486_Init)
    i.SPI_Init                               0x0800331c   Section        0  stm32f10x_spi.o(i.SPI_Init)
    i.SPI_SendByte                           0x08003358   Section        0  bsp_spi.o(i.SPI_SendByte)
    i.SPI_TIMEOUT_UsertCallback              0x080033d0   Section        0  bsp_spi.o(i.SPI_TIMEOUT_UsertCallback)
    SPI_TIMEOUT_UsertCallback                0x080033d1   Thumb Code    16  bsp_spi.o(i.SPI_TIMEOUT_UsertCallback)
    i.SetSysClock                            0x08003410   Section        0  system_stm32f10x.o(i.SetSysClock)
    SetSysClock                              0x08003411   Thumb Code     8  system_stm32f10x.o(i.SetSysClock)
    i.SetSysClockTo72                        0x08003418   Section        0  system_stm32f10x.o(i.SetSysClockTo72)
    SetSysClockTo72                          0x08003419   Thumb Code   214  system_stm32f10x.o(i.SetSysClockTo72)
    i.Show_AcceleratedRecords                0x080034f8   Section        0  bsp_interface.o(i.Show_AcceleratedRecords)
    i.Show_Data                              0x080036ac   Section        0  bsp_interface.o(i.Show_Data)
    i.Show_LapRecords                        0x0800373c   Section        0  bsp_interface.o(i.Show_LapRecords)
    i.Slaver_Check_Interface                 0x080038f8   Section        0  bsp_interface.o(i.Slaver_Check_Interface)
    i.SysTick_CLKSourceConfig                0x0800395c   Section        0  misc.o(i.SysTick_CLKSourceConfig)
    i.SysTick_Handler                        0x08003984   Section        0  stm32f10x_it.o(i.SysTick_Handler)
    i.SystemInit                             0x08003994   Section        0  system_stm32f10x.o(i.SystemInit)
    i.TIM1_UP_IRQHandler                     0x080039f4   Section        0  stm32f10x_it.o(i.TIM1_UP_IRQHandler)
    i.TIM2_IRQHandler                        0x08003a64   Section        0  stm32f10x_it.o(i.TIM2_IRQHandler)
    i.TIM3_IRQHandler                        0x08003aa4   Section        0  stm32f10x_it.o(i.TIM3_IRQHandler)
    i.TIM4_IRQHandler                        0x08003ae0   Section        0  stm32f10x_it.o(i.TIM4_IRQHandler)
    i.TIMER1_Init                            0x08003afc   Section        0  bsp_timer.o(i.TIMER1_Init)
    i.TIMER2_Init                            0x08003b84   Section        0  bsp_timer.o(i.TIMER2_Init)
    i.TIMER3_Init                            0x08003bec   Section        0  bsp_timer.o(i.TIMER3_Init)
    i.TIM_ClearITPendingBit                  0x08003c54   Section        0  stm32f10x_tim.o(i.TIM_ClearITPendingBit)
    i.TIM_Cmd                                0x08003c5a   Section        0  stm32f10x_tim.o(i.TIM_Cmd)
    i.TIM_GetITStatus                        0x08003c72   Section        0  stm32f10x_tim.o(i.TIM_GetITStatus)
    i.TIM_ITConfig                           0x08003c94   Section        0  stm32f10x_tim.o(i.TIM_ITConfig)
    i.TIM_SetCounter                         0x08003ca6   Section        0  stm32f10x_tim.o(i.TIM_SetCounter)
    i.TIM_TimeBaseInit                       0x08003cac   Section        0  stm32f10x_tim.o(i.TIM_TimeBaseInit)
    i.TestData_Save                          0x08003d50   Section        0  main.o(i.TestData_Save)
    TestData_Save                            0x08003d51   Thumb Code    56  main.o(i.TestData_Save)
    i.Timer1_Off                             0x08003d9c   Section        0  bsp_timer.o(i.Timer1_Off)
    i.Timer1_Open                            0x08003db4   Section        0  bsp_timer.o(i.Timer1_Open)
    i.Timer3_Off                             0x08003dd8   Section        0  bsp_timer.o(i.Timer3_Off)
    i.Timer3_Open                            0x08003df0   Section        0  bsp_timer.o(i.Timer3_Open)
    i.USART2_DealTask                        0x08003e08   Section        0  main.o(i.USART2_DealTask)
    USART2_DealTask                          0x08003e09   Thumb Code   412  main.o(i.USART2_DealTask)
    i.USART2_IRQHandler                      0x0800400c   Section        0  stm32f10x_it.o(i.USART2_IRQHandler)
    i.USART_ClearFlag                        0x08004060   Section        0  stm32f10x_usart.o(i.USART_ClearFlag)
    i.USART_ClearITPendingBit                0x08004072   Section        0  stm32f10x_usart.o(i.USART_ClearITPendingBit)
    i.USART_Cmd                              0x08004090   Section        0  stm32f10x_usart.o(i.USART_Cmd)
    i.USART_DeInit                           0x080040a8   Section        0  stm32f10x_usart.o(i.USART_DeInit)
    i.USART_GetITStatus                      0x08004144   Section        0  stm32f10x_usart.o(i.USART_GetITStatus)
    i.USART_ITConfig                         0x08004198   Section        0  stm32f10x_usart.o(i.USART_ITConfig)
    i.USART_Init                             0x080041e4   Section        0  stm32f10x_usart.o(i.USART_Init)
    i.USART_ReceiveData                      0x080042bc   Section        0  stm32f10x_usart.o(i.USART_ReceiveData)
    i.USART_SendData                         0x080042c6   Section        0  stm32f10x_usart.o(i.USART_SendData)
    i.Up_Fun                                 0x080042d0   Section        0  bsp_button.o(i.Up_Fun)
    Up_Fun                                   0x080042d1   Thumb Code   166  bsp_button.o(i.Up_Fun)
    i.UsageFault_Handler                     0x08004394   Section        0  stm32f10x_it.o(i.UsageFault_Handler)
    i.Usart_Handle                           0x08004398   Section        0  main.o(i.Usart_Handle)
    Usart_Handle                             0x08004399   Thumb Code   410  main.o(i.Usart_Handle)
    i.View_Fun                               0x08004564   Section        0  bsp_button.o(i.View_Fun)
    i.WWDG_Config                            0x080045b0   Section        0  bsp_iwdg.o(i.WWDG_Config)
    i.__0printf$6                            0x080045d4   Section        0  printf6.o(i.__0printf$6)
    i.__0sprintf$6                           0x080045f4   Section        0  printf6.o(i.__0sprintf$6)
    i.__scatterload_copy                     0x0800461c   Section       14  handlers.o(i.__scatterload_copy)
    i.__scatterload_null                     0x0800462a   Section        2  handlers.o(i.__scatterload_null)
    i.__scatterload_zeroinit                 0x0800462c   Section       14  handlers.o(i.__scatterload_zeroinit)
    i._printf_core                           0x0800463c   Section        0  printf6.o(i._printf_core)
    _printf_core                             0x0800463d   Thumb Code   748  printf6.o(i._printf_core)
    i._printf_post_padding                   0x0800492c   Section        0  printf6.o(i._printf_post_padding)
    _printf_post_padding                     0x0800492d   Thumb Code    36  printf6.o(i._printf_post_padding)
    i._printf_pre_padding                    0x08004950   Section        0  printf6.o(i._printf_pre_padding)
    _printf_pre_padding                      0x08004951   Thumb Code    46  printf6.o(i._printf_pre_padding)
    i._sputc                                 0x0800497e   Section        0  printf6.o(i._sputc)
    _sputc                                   0x0800497f   Thumb Code    10  printf6.o(i._sputc)
    i.delay_us                               0x08004988   Section        0  bsp_delay.o(i.delay_us)
    i.delay_xms                              0x080049d0   Section        0  bsp_delay.o(i.delay_xms)
    i.fputc                                  0x080049e8   Section        0  bsp_usart.o(i.fputc)
    i.main                                   0x08004a04   Section        0  main.o(i.main)
    i.prvAddCurrentTaskToDelayedList         0x08004a90   Section        0  tasks.o(i.prvAddCurrentTaskToDelayedList)
    prvAddCurrentTaskToDelayedList           0x08004a91   Thumb Code   124  tasks.o(i.prvAddCurrentTaskToDelayedList)
    i.prvAddNewTaskToReadyList               0x08004b28   Section        0  tasks.o(i.prvAddNewTaskToReadyList)
    prvAddNewTaskToReadyList                 0x08004b29   Thumb Code   150  tasks.o(i.prvAddNewTaskToReadyList)
    i.prvCheckTasksWaitingTermination        0x08004bdc   Section        0  tasks.o(i.prvCheckTasksWaitingTermination)
    prvCheckTasksWaitingTermination          0x08004bdd   Thumb Code    86  tasks.o(i.prvCheckTasksWaitingTermination)
    i.prvCopyDataFromQueue                   0x08004c40   Section        0  queue.o(i.prvCopyDataFromQueue)
    prvCopyDataFromQueue                     0x08004c41   Thumb Code    42  queue.o(i.prvCopyDataFromQueue)
    i.prvCopyDataToQueue                     0x08004c6a   Section        0  queue.o(i.prvCopyDataToQueue)
    prvCopyDataToQueue                       0x08004c6b   Thumb Code   106  queue.o(i.prvCopyDataToQueue)
    i.prvDeleteTCB                           0x08004cd4   Section        0  tasks.o(i.prvDeleteTCB)
    prvDeleteTCB                             0x08004cd5   Thumb Code    40  tasks.o(i.prvDeleteTCB)
    i.prvHeapInit                            0x08004cfc   Section        0  heap_4.o(i.prvHeapInit)
    prvHeapInit                              0x08004cfd   Thumb Code    98  heap_4.o(i.prvHeapInit)
    i.prvIdleTask                            0x08004d78   Section        0  tasks.o(i.prvIdleTask)
    prvIdleTask                              0x08004d79   Thumb Code    32  tasks.o(i.prvIdleTask)
    i.prvInitialiseNewQueue                  0x08004da0   Section        0  queue.o(i.prvInitialiseNewQueue)
    prvInitialiseNewQueue                    0x08004da1   Thumb Code    38  queue.o(i.prvInitialiseNewQueue)
    i.prvInitialiseNewTask                   0x08004dc6   Section        0  tasks.o(i.prvInitialiseNewTask)
    prvInitialiseNewTask                     0x08004dc7   Thumb Code   128  tasks.o(i.prvInitialiseNewTask)
    i.prvInitialiseTaskLists                 0x08004e48   Section        0  tasks.o(i.prvInitialiseTaskLists)
    prvInitialiseTaskLists                   0x08004e49   Thumb Code    70  tasks.o(i.prvInitialiseTaskLists)
    i.prvInsertBlockIntoFreeList             0x08004eb0   Section        0  heap_4.o(i.prvInsertBlockIntoFreeList)
    prvInsertBlockIntoFreeList               0x08004eb1   Thumb Code    96  heap_4.o(i.prvInsertBlockIntoFreeList)
    i.prvIsQueueEmpty                        0x08004f18   Section        0  queue.o(i.prvIsQueueEmpty)
    prvIsQueueEmpty                          0x08004f19   Thumb Code    26  queue.o(i.prvIsQueueEmpty)
    i.prvIsQueueFull                         0x08004f32   Section        0  queue.o(i.prvIsQueueFull)
    prvIsQueueFull                           0x08004f33   Thumb Code    30  queue.o(i.prvIsQueueFull)
    i.prvResetNextTaskUnblockTime            0x08004f50   Section        0  tasks.o(i.prvResetNextTaskUnblockTime)
    prvResetNextTaskUnblockTime              0x08004f51   Thumb Code    42  tasks.o(i.prvResetNextTaskUnblockTime)
    i.prvTaskExitError                       0x08004f84   Section        0  port.o(i.prvTaskExitError)
    prvTaskExitError                         0x08004f85   Thumb Code    22  port.o(i.prvTaskExitError)
    i.prvTestWaitCondition                   0x08004f9a   Section        0  event_groups.o(i.prvTestWaitCondition)
    prvTestWaitCondition                     0x08004f9b   Thumb Code    30  event_groups.o(i.prvTestWaitCondition)
    i.prvUnlockQueue                         0x08004fb8   Section        0  queue.o(i.prvUnlockQueue)
    prvUnlockQueue                           0x08004fb9   Thumb Code   126  queue.o(i.prvUnlockQueue)
    i.pvPortMalloc                           0x08005038   Section        0  heap_4.o(i.pvPortMalloc)
    i.pxPortInitialiseStack                  0x08005108   Section        0  port.o(i.pxPortInitialiseStack)
    i.uart1_init                             0x0800512c   Section        0  bsp_usart.o(i.uart1_init)
    i.uart2_init                             0x080051a4   Section        0  bsp_usart.o(i.uart2_init)
    i.uxListRemove                           0x08005260   Section        0  list.o(i.uxListRemove)
    i.uxTaskResetEventItemValue              0x08005288   Section        0  tasks.o(i.uxTaskResetEventItemValue)
    i.vApplicationGetIdleTaskMemory          0x080052a4   Section        0  main.o(i.vApplicationGetIdleTaskMemory)
    i.vListInitialise                        0x080052bc   Section        0  list.o(i.vListInitialise)
    i.vListInitialiseItem                    0x080052d6   Section        0  list.o(i.vListInitialiseItem)
    i.vListInsert                            0x080052dc   Section        0  list.o(i.vListInsert)
    i.vListInsertEnd                         0x08005310   Section        0  list.o(i.vListInsertEnd)
    i.vPortEnterCritical                     0x08005328   Section        0  port.o(i.vPortEnterCritical)
    i.vPortExitCritical                      0x0800534c   Section        0  port.o(i.vPortExitCritical)
    i.vPortFree                              0x0800536c   Section        0  heap_4.o(i.vPortFree)
    i.vPortSetupTimerInterrupt               0x080053b4   Section        0  port.o(i.vPortSetupTimerInterrupt)
    i.vTaskDelay                             0x080053c8   Section        0  tasks.o(i.vTaskDelay)
    i.vTaskDelete                            0x080053fc   Section        0  tasks.o(i.vTaskDelete)
    i.vTaskMissedYield                       0x080054c8   Section        0  tasks.o(i.vTaskMissedYield)
    i.vTaskPlaceOnEventList                  0x080054d4   Section        0  tasks.o(i.vTaskPlaceOnEventList)
    i.vTaskPlaceOnUnorderedEventList         0x080054f4   Section        0  tasks.o(i.vTaskPlaceOnUnorderedEventList)
    i.vTaskSetTimeOutState                   0x08005520   Section        0  tasks.o(i.vTaskSetTimeOutState)
    i.vTaskStartScheduler                    0x08005538   Section        0  tasks.o(i.vTaskStartScheduler)
    i.vTaskSuspendAll                        0x080055cc   Section        0  tasks.o(i.vTaskSuspendAll)
    i.vTaskSwitchContext                     0x080055dc   Section        0  tasks.o(i.vTaskSwitchContext)
    i.xEventGroupClearBits                   0x0800563c   Section        0  event_groups.o(i.xEventGroupClearBits)
    i.xEventGroupCreate                      0x0800565c   Section        0  event_groups.o(i.xEventGroupCreate)
    i.xEventGroupSetBits                     0x0800567a   Section        0  event_groups.o(i.xEventGroupSetBits)
    i.xEventGroupWaitBits                    0x0800570c   Section        0  event_groups.o(i.xEventGroupWaitBits)
    i.xPortStartScheduler                    0x080057d4   Section        0  port.o(i.xPortStartScheduler)
    i.xPortSysTickHandler                    0x08005808   Section        0  port.o(i.xPortSysTickHandler)
    i.xQueueGenericCreate                    0x0800583c   Section        0  queue.o(i.xQueueGenericCreate)
    i.xQueueGenericReceive                   0x0800587c   Section        0  queue.o(i.xQueueGenericReceive)
    i.xQueueGenericReset                     0x080059b8   Section        0  queue.o(i.xQueueGenericReset)
    i.xQueueGenericSend                      0x08005a38   Section        0  queue.o(i.xQueueGenericSend)
    i.xQueueGiveFromISR                      0x08005b50   Section        0  queue.o(i.xQueueGiveFromISR)
    i.xTaskCheckForTimeOut                   0x08005bc8   Section        0  tasks.o(i.xTaskCheckForTimeOut)
    i.xTaskCreate                            0x08005c24   Section        0  tasks.o(i.xTaskCreate)
    i.xTaskCreateStatic                      0x08005c88   Section        0  tasks.o(i.xTaskCreateStatic)
    i.xTaskGetSchedulerState                 0x08005cd8   Section        0  tasks.o(i.xTaskGetSchedulerState)
    i.xTaskIncrementTick                     0x08005cf8   Section        0  tasks.o(i.xTaskIncrementTick)
    i.xTaskRemoveFromEventList               0x08005e14   Section        0  tasks.o(i.xTaskRemoveFromEventList)
    i.xTaskRemoveFromUnorderedEventList      0x08005e94   Section        0  tasks.o(i.xTaskRemoveFromUnorderedEventList)
    i.xTaskResumeAll                         0x08005f04   Section        0  tasks.o(i.xTaskResumeAll)
    .data                                    0x20000000   Section       20  stm32f10x_rcc.o(.data)
    APBAHBPrescTable                         0x20000000   Data          16  stm32f10x_rcc.o(.data)
    ADCPrescTable                            0x20000010   Data           4  stm32f10x_rcc.o(.data)
    .data                                    0x20000014   Section       62  main.o(.data)
    AppTaskCreate_Handle                     0x20000024   Data           4  main.o(.data)
    KEY_Task_Handle                          0x20000028   Data           4  main.o(.data)
    EXTIX_DealTask_Handler                   0x2000002c   Data           4  main.o(.data)
    USART2_DealTask_Handler                  0x20000030   Data           4  main.o(.data)
    Face_SwitchTask_Handler                  0x20000034   Data           4  main.o(.data)
    BEEP_CheckoutTask_Handler                0x20000038   Data           4  main.o(.data)
    IWDG_Task_Handle                         0x2000003c   Data           4  main.o(.data)
    CPU_Task_Handle                          0x20000040   Data           4  main.o(.data)
    n                                        0x20000050   Data           1  main.o(.data)
    beep_status                              0x20000051   Data           1  main.o(.data)
    .data                                    0x20000054   Section       14  stm32f10x_it.o(.data)
    exti_i                                   0x20000060   Data           1  stm32f10x_it.o(.data)
    Time2value                               0x20000061   Data           1  stm32f10x_it.o(.data)
    .data                                    0x20000062   Section        4  bsp_delay.o(.data)
    fac_us                                   0x20000062   Data           1  bsp_delay.o(.data)
    fac_ms                                   0x20000064   Data           2  bsp_delay.o(.data)
    .data                                    0x20000066   Section        1  bsp_key.o(.data)
    key_up                                   0x20000066   Data           1  bsp_key.o(.data)
    .data                                    0x20000068   Section        8  bsp_interface.o(.data)
    .data                                    0x20000070   Section       12  ili9486.o(.data)
    current_txt_color                        0x20000074   Data           4  ili9486.o(.data)
    current_back_color                       0x20000078   Data           4  ili9486.o(.data)
    .data                                    0x2000007c   Section        4  bsp_spi.o(.data)
    SPITimeout                               0x2000007c   Data           4  bsp_spi.o(.data)
    .data                                    0x20000080   Section       60  tasks.o(.data)
    pxDelayedTaskList                        0x20000084   Data           4  tasks.o(.data)
    pxOverflowDelayedTaskList                0x20000088   Data           4  tasks.o(.data)
    uxDeletedTasksWaitingCleanUp             0x2000008c   Data           4  tasks.o(.data)
    uxCurrentNumberOfTasks                   0x20000090   Data           4  tasks.o(.data)
    xTickCount                               0x20000094   Data           4  tasks.o(.data)
    uxTopReadyPriority                       0x20000098   Data           4  tasks.o(.data)
    xSchedulerRunning                        0x2000009c   Data           4  tasks.o(.data)
    uxPendedTicks                            0x200000a0   Data           4  tasks.o(.data)
    xYieldPending                            0x200000a4   Data           4  tasks.o(.data)
    xNumOfOverflows                          0x200000a8   Data           4  tasks.o(.data)
    uxTaskNumber                             0x200000ac   Data           4  tasks.o(.data)
    xNextTaskUnblockTime                     0x200000b0   Data           4  tasks.o(.data)
    xIdleTaskHandle                          0x200000b4   Data           4  tasks.o(.data)
    uxSchedulerSuspended                     0x200000b8   Data           4  tasks.o(.data)
    .data                                    0x200000bc   Section        4  port.o(.data)
    uxCriticalNesting                        0x200000bc   Data           4  port.o(.data)
    .data                                    0x200000c0   Section       24  heap_4.o(.data)
    xStart                                   0x200000c0   Data           8  heap_4.o(.data)
    pxEnd                                    0x200000c8   Data           4  heap_4.o(.data)
    xFreeBytesRemaining                      0x200000cc   Data           4  heap_4.o(.data)
    xMinimumEverFreeBytesRemaining           0x200000d0   Data           4  heap_4.o(.data)
    xBlockAllocatedBit                       0x200000d4   Data           4  heap_4.o(.data)
    .data                                    0x200000d8   Section        4  stdout.o(.data)
    .bss                                     0x200000dc   Section     6804  main.o(.bss)
    Idle_Task_Stack                          0x200000dc   Data         512  main.o(.bss)
    Timer_Task_Stack                         0x200002dc   Data        1024  main.o(.bss)
    AppTaskCreate_Stack                      0x200006dc   Data         512  main.o(.bss)
    KEY_Task_Stack                           0x200008dc   Data         256  main.o(.bss)
    Idle_Task_TCB                            0x200009dc   Data          92  main.o(.bss)
    Timer_Task_TCB                           0x20000a38   Data          92  main.o(.bss)
    AppTaskCreate_TCB                        0x20000a94   Data          92  main.o(.bss)
    KEY_Task_TCB                             0x20000af0   Data          92  main.o(.bss)
    Exti_Data                                0x20001b64   Data          12  main.o(.bss)
    .bss                                     0x20001b70   Section      180  bsp_button.o(.bss)
    .bss                                     0x20001c24   Section      740  tasks.o(.bss)
    pxReadyTasksLists                        0x20001c24   Data         640  tasks.o(.bss)
    xDelayedTaskList1                        0x20001ea4   Data          20  tasks.o(.bss)
    xDelayedTaskList2                        0x20001eb8   Data          20  tasks.o(.bss)
    xPendingReadyList                        0x20001ecc   Data          20  tasks.o(.bss)
    xTasksWaitingTermination                 0x20001ee0   Data          20  tasks.o(.bss)
    xSuspendedTaskList                       0x20001ef4   Data          20  tasks.o(.bss)
    .bss                                     0x20001f08   Section    10240  heap_4.o(.bss)
    ucHeap                                   0x20001f08   Data       10240  heap_4.o(.bss)
    STACK                                    0x20004708   Section     1536  startup_stm32f10x_md.o(STACK)

    Global Symbols

    Symbol Name                              Value     Ov Type        Size  Object(Section)

    BuildAttributes$$THM_ISAv4$P$D$K$B$S$PE$A:L22UL41UL21$X:L11$S22US41US21$IEEE1$IW$USESV6$~STKCKD$USESV7$~SHL$OSPACE$ROPI$EBA8$MICROLIB$REQ8$PRES8$EABIv2 0x00000000   Number         0  anon$$obj.o ABSOLUTE
    __ARM_use_no_argv                        0x00000000   Number         0  main.o ABSOLUTE
    _printf_a                                0x00000000   Number         0  stubs.o ABSOLUTE
    _printf_c                                0x00000000   Number         0  stubs.o ABSOLUTE
    _printf_charcount                        0x00000000   Number         0  stubs.o ABSOLUTE
    _printf_d                                0x00000000   Number         0  stubs.o ABSOLUTE
    _printf_e                                0x00000000   Number         0  stubs.o ABSOLUTE
    _printf_f                                0x00000000   Number         0  stubs.o ABSOLUTE
    _printf_flags                            0x00000000   Number         0  stubs.o ABSOLUTE
    _printf_fp_dec                           0x00000000   Number         0  stubs.o ABSOLUTE
    _printf_fp_hex                           0x00000000   Number         0  stubs.o ABSOLUTE
    _printf_g                                0x00000000   Number         0  stubs.o ABSOLUTE
    _printf_i                                0x00000000   Number         0  stubs.o ABSOLUTE
    _printf_int_dec                          0x00000000   Number         0  stubs.o ABSOLUTE
    _printf_l                                0x00000000   Number         0  stubs.o ABSOLUTE
    _printf_lc                               0x00000000   Number         0  stubs.o ABSOLUTE
    _printf_ll                               0x00000000   Number         0  stubs.o ABSOLUTE
    _printf_lld                              0x00000000   Number         0  stubs.o ABSOLUTE
    _printf_lli                              0x00000000   Number         0  stubs.o ABSOLUTE
    _printf_llo                              0x00000000   Number         0  stubs.o ABSOLUTE
    _printf_llu                              0x00000000   Number         0  stubs.o ABSOLUTE
    _printf_llx                              0x00000000   Number         0  stubs.o ABSOLUTE
    _printf_longlong_dec                     0x00000000   Number         0  stubs.o ABSOLUTE
    _printf_longlong_hex                     0x00000000   Number         0  stubs.o ABSOLUTE
    _printf_longlong_oct                     0x00000000   Number         0  stubs.o ABSOLUTE
    _printf_ls                               0x00000000   Number         0  stubs.o ABSOLUTE
    _printf_mbtowc                           0x00000000   Number         0  stubs.o ABSOLUTE
    _printf_n                                0x00000000   Number         0  stubs.o ABSOLUTE
    _printf_o                                0x00000000   Number         0  stubs.o ABSOLUTE
    _printf_p                                0x00000000   Number         0  stubs.o ABSOLUTE
    _printf_percent                          0x00000000   Number         0  stubs.o ABSOLUTE
    _printf_pre_padding                      0x00000000   Number         0  stubs.o ABSOLUTE
    _printf_return_value                     0x00000000   Number         0  stubs.o ABSOLUTE
    _printf_s                                0x00000000   Number         0  stubs.o ABSOLUTE
    _printf_sizespec                         0x00000000   Number         0  stubs.o ABSOLUTE
    _printf_str                              0x00000000   Number         0  stubs.o ABSOLUTE
    _printf_truncate_signed                  0x00000000   Number         0  stubs.o ABSOLUTE
    _printf_truncate_unsigned                0x00000000   Number         0  stubs.o ABSOLUTE
    _printf_u                                0x00000000   Number         0  stubs.o ABSOLUTE
    _printf_wc                               0x00000000   Number         0  stubs.o ABSOLUTE
    _printf_wctomb                           0x00000000   Number         0  stubs.o ABSOLUTE
    _printf_widthprec                        0x00000000   Number         0  stubs.o ABSOLUTE
    _printf_x                                0x00000000   Number         0  stubs.o ABSOLUTE
    __arm_fini_                               - Undefined Weak Reference
    __cpp_initialize__aeabi_                  - Undefined Weak Reference
    __cxa_finalize                            - Undefined Weak Reference
    __decompress                              - Undefined Weak Reference
    _clock_init                               - Undefined Weak Reference
    _microlib_exit                            - Undefined Weak Reference
    __Vectors_Size                           0x000000ec   Number         0  startup_stm32f10x_md.o ABSOLUTE
    __Vectors                                0x08000000   Data           4  startup_stm32f10x_md.o(RESET)
    __Vectors_End                            0x080000ec   Data           0  startup_stm32f10x_md.o(RESET)
    __main                                   0x080000ed   Thumb Code     0  entry.o(.ARM.Collect$$$$00000000)
    _main_stk                                0x080000ed   Thumb Code     0  entry2.o(.ARM.Collect$$$$00000001)
    _main_scatterload                        0x080000f1   Thumb Code     0  entry5.o(.ARM.Collect$$$$00000004)
    __main_after_scatterload                 0x080000f5   Thumb Code     0  entry5.o(.ARM.Collect$$$$00000004)
    _main_clock                              0x080000f5   Thumb Code     0  entry7b.o(.ARM.Collect$$$$00000008)
    _main_cpp_init                           0x080000f5   Thumb Code     0  entry8b.o(.ARM.Collect$$$$0000000A)
    _main_init                               0x080000f5   Thumb Code     0  entry9a.o(.ARM.Collect$$$$0000000B)
    __rt_lib_shutdown_fini                   0x080000fd   Thumb Code     0  entry12b.o(.ARM.Collect$$$$0000000E)
    __rt_final_cpp                           0x08000101   Thumb Code     0  entry10a.o(.ARM.Collect$$$$0000000F)
    __rt_final_exit                          0x08000101   Thumb Code     0  entry11a.o(.ARM.Collect$$$$00000011)
    SVC_Handler                              0x08000105   Thumb Code    32  port.o(.emb_text)
    __asm___6_port_c_39a90d8d__prvStartFirstTask 0x08000129   Thumb Code    28  port.o(.emb_text)
    PendSV_Handler                           0x08000149   Thumb Code    72  port.o(.emb_text)
    vPortGetIPSR                             0x08000195   Thumb Code     6  port.o(.emb_text)
    Reset_Handler                            0x0800019d   Thumb Code     8  startup_stm32f10x_md.o(.text)
    ADC1_2_IRQHandler                        0x080001b7   Thumb Code     0  startup_stm32f10x_md.o(.text)
    CAN1_RX1_IRQHandler                      0x080001b7   Thumb Code     0  startup_stm32f10x_md.o(.text)
    CAN1_SCE_IRQHandler                      0x080001b7   Thumb Code     0  startup_stm32f10x_md.o(.text)
    DMA1_Channel1_IRQHandler                 0x080001b7   Thumb Code     0  startup_stm32f10x_md.o(.text)
    DMA1_Channel2_IRQHandler                 0x080001b7   Thumb Code     0  startup_stm32f10x_md.o(.text)
    DMA1_Channel3_IRQHandler                 0x080001b7   Thumb Code     0  startup_stm32f10x_md.o(.text)
    DMA1_Channel4_IRQHandler                 0x080001b7   Thumb Code     0  startup_stm32f10x_md.o(.text)
    DMA1_Channel5_IRQHandler                 0x080001b7   Thumb Code     0  startup_stm32f10x_md.o(.text)
    DMA1_Channel6_IRQHandler                 0x080001b7   Thumb Code     0  startup_stm32f10x_md.o(.text)
    DMA1_Channel7_IRQHandler                 0x080001b7   Thumb Code     0  startup_stm32f10x_md.o(.text)
    EXTI0_IRQHandler                         0x080001b7   Thumb Code     0  startup_stm32f10x_md.o(.text)
    EXTI15_10_IRQHandler                     0x080001b7   Thumb Code     0  startup_stm32f10x_md.o(.text)
    EXTI1_IRQHandler                         0x080001b7   Thumb Code     0  startup_stm32f10x_md.o(.text)
    EXTI2_IRQHandler                         0x080001b7   Thumb Code     0  startup_stm32f10x_md.o(.text)
    EXTI3_IRQHandler                         0x080001b7   Thumb Code     0  startup_stm32f10x_md.o(.text)
    EXTI4_IRQHandler                         0x080001b7   Thumb Code     0  startup_stm32f10x_md.o(.text)
    FLASH_IRQHandler                         0x080001b7   Thumb Code     0  startup_stm32f10x_md.o(.text)
    I2C1_ER_IRQHandler                       0x080001b7   Thumb Code     0  startup_stm32f10x_md.o(.text)
    I2C1_EV_IRQHandler                       0x080001b7   Thumb Code     0  startup_stm32f10x_md.o(.text)
    I2C2_ER_IRQHandler                       0x080001b7   Thumb Code     0  startup_stm32f10x_md.o(.text)
    I2C2_EV_IRQHandler                       0x080001b7   Thumb Code     0  startup_stm32f10x_md.o(.text)
    PVD_IRQHandler                           0x080001b7   Thumb Code     0  startup_stm32f10x_md.o(.text)
    RCC_IRQHandler                           0x080001b7   Thumb Code     0  startup_stm32f10x_md.o(.text)
    RTCAlarm_IRQHandler                      0x080001b7   Thumb Code     0  startup_stm32f10x_md.o(.text)
    RTC_IRQHandler                           0x080001b7   Thumb Code     0  startup_stm32f10x_md.o(.text)
    SPI1_IRQHandler                          0x080001b7   Thumb Code     0  startup_stm32f10x_md.o(.text)
    SPI2_IRQHandler                          0x080001b7   Thumb Code     0  startup_stm32f10x_md.o(.text)
    TAMPER_IRQHandler                        0x080001b7   Thumb Code     0  startup_stm32f10x_md.o(.text)
    TIM1_BRK_IRQHandler                      0x080001b7   Thumb Code     0  startup_stm32f10x_md.o(.text)
    TIM1_CC_IRQHandler                       0x080001b7   Thumb Code     0  startup_stm32f10x_md.o(.text)
    TIM1_TRG_COM_IRQHandler                  0x080001b7   Thumb Code     0  startup_stm32f10x_md.o(.text)
    USART1_IRQHandler                        0x080001b7   Thumb Code     0  startup_stm32f10x_md.o(.text)
    USART3_IRQHandler                        0x080001b7   Thumb Code     0  startup_stm32f10x_md.o(.text)
    USBWakeUp_IRQHandler                     0x080001b7   Thumb Code     0  startup_stm32f10x_md.o(.text)
    USB_HP_CAN1_TX_IRQHandler                0x080001b7   Thumb Code     0  startup_stm32f10x_md.o(.text)
    USB_LP_CAN1_RX0_IRQHandler               0x080001b7   Thumb Code     0  startup_stm32f10x_md.o(.text)
    WWDG_IRQHandler                          0x080001b7   Thumb Code     0  startup_stm32f10x_md.o(.text)
    __aeabi_memcpy                           0x080001c1   Thumb Code    36  memcpya.o(.text)
    __aeabi_memcpy4                          0x080001c1   Thumb Code     0  memcpya.o(.text)
    __aeabi_memcpy8                          0x080001c1   Thumb Code     0  memcpya.o(.text)
    __aeabi_memset                           0x080001e5   Thumb Code    14  memseta.o(.text)
    __aeabi_memset4                          0x080001e5   Thumb Code     0  memseta.o(.text)
    __aeabi_memset8                          0x080001e5   Thumb Code     0  memseta.o(.text)
    __aeabi_memclr                           0x080001f3   Thumb Code     4  memseta.o(.text)
    __aeabi_memclr4                          0x080001f3   Thumb Code     0  memseta.o(.text)
    __aeabi_memclr8                          0x080001f3   Thumb Code     0  memseta.o(.text)
    _memset$wrapper                          0x080001f7   Thumb Code    18  memseta.o(.text)
    __aeabi_uidiv                            0x08000209   Thumb Code     0  uidiv.o(.text)
    __aeabi_uidivmod                         0x08000209   Thumb Code    44  uidiv.o(.text)
    __scatterload                            0x08000235   Thumb Code    28  init.o(.text)
    __scatterload_rt2                        0x08000235   Thumb Code     0  init.o(.text)
    AS32_GPIO_Config                         0x08000259   Thumb Code    60  as32-100-c.o(i.AS32_GPIO_Config)
    AS32_Init                                0x0800029d   Thumb Code    24  as32-100-c.o(i.AS32_Init)
    ASCII_12X24_ADDR                         0x080002b9   Thumb Code    32  gt30l32s4w.o(i.ASCII_12X24_ADDR)
    ASCII_16X32_ADDR                         0x080002dd   Thumb Code    28  gt30l32s4w.o(i.ASCII_16X32_ADDR)
    ASCII_6X12_ADDR                          0x080002fd   Thumb Code    32  gt30l32s4w.o(i.ASCII_6X12_ADDR)
    ASCII_8X16_ADDR                          0x08000321   Thumb Code    28  gt30l32s4w.o(i.ASCII_8X16_ADDR)
    ASCII_Addr_Tans                          0x08000341   Thumb Code    80  gt30l32s4w.o(i.ASCII_Addr_Tans)
    BEEP_GPIO_Config                         0x08000831   Thumb Code    48  bsp_beep.o(i.BEEP_GPIO_Config)
    BEEP_Init                                0x08000869   Thumb Code    20  bsp_beep.o(i.BEEP_Init)
    BusFault_Handler                         0x08000a25   Thumb Code     4  stm32f10x_it.o(i.BusFault_Handler)
    Button_Dealing                           0x08000a29   Thumb Code   392  bsp_button.o(i.Button_Dealing)
    Button_Init                              0x08000c95   Thumb Code   480  bsp_button.o(i.Button_Init)
    Connection_Count_Show                    0x08000ea5   Thumb Code   140  bsp_interface.o(i.Connection_Count_Show)
    DebugMon_Handler                         0x08000f51   Thumb Code     2  stm32f10x_it.o(i.DebugMon_Handler)
    Delay_Init                               0x08000f55   Thumb Code    58  bsp_delay.o(i.Delay_Init)
    EXTI9_5_IRQHandler                       0x08001191   Thumb Code    88  stm32f10x_it.o(i.EXTI9_5_IRQHandler)
    EXTI_ClearITPendingBit                   0x08001499   Thumb Code     6  stm32f10x_exti.o(i.EXTI_ClearITPendingBit)
    EXTI_GetITStatus                         0x080014a5   Thumb Code    34  stm32f10x_exti.o(i.EXTI_GetITStatus)
    EXTI_Init                                0x080014cd   Thumb Code   142  stm32f10x_exti.o(i.EXTI_Init)
    Empty_Fun                                0x08001561   Thumb Code    18  bsp_button.o(i.Empty_Fun)
    Empty_Records                            0x08001579   Thumb Code   172  bsp_interface.o(i.Empty_Records)
    Exti_Close                               0x08001659   Thumb Code    24  bsp_exti.o(i.Exti_Close)
    Exti_Init                                0x08001675   Thumb Code   112  bsp_exti.o(i.Exti_Init)
    Exti_Open                                0x080016e9   Thumb Code    24  bsp_exti.o(i.Exti_Open)
    GB2312_12X12_ADDR                        0x08001895   Thumb Code   104  gt30l32s4w.o(i.GB2312_12X12_ADDR)
    GB2312_15X16_ADDR                        0x080018fd   Thumb Code   104  gt30l32s4w.o(i.GB2312_15X16_ADDR)
    GB2312_24X24_ADDR                        0x08001969   Thumb Code   112  gt30l32s4w.o(i.GB2312_24X24_ADDR)
    GB2312_32X32_ADDR                        0x080019dd   Thumb Code   104  gt30l32s4w.o(i.GB2312_32X32_ADDR)
    GB2312_6X12_ADDR                         0x08001a49   Thumb Code    84  gt30l32s4w.o(i.GB2312_6X12_ADDR)
    GB2312_8X16_ADDR                         0x08001aa1   Thumb Code    76  gt30l32s4w.o(i.GB2312_8X16_ADDR)
    GB2312_Addr_Tans                         0x08001af1   Thumb Code    96  gt30l32s4w.o(i.GB2312_Addr_Tans)
    GPIO_EXTILineConfig                      0x08001b51   Thumb Code    60  stm32f10x_gpio.o(i.GPIO_EXTILineConfig)
    GPIO_Init                                0x08001b91   Thumb Code   278  stm32f10x_gpio.o(i.GPIO_Init)
    GPIO_PinRemapConfig                      0x08001ca9   Thumb Code   138  stm32f10x_gpio.o(i.GPIO_PinRemapConfig)
    GPIO_ReadInputDataBit                    0x08001d39   Thumb Code    18  stm32f10x_gpio.o(i.GPIO_ReadInputDataBit)
    GPIO_ResetBits                           0x08001d4b   Thumb Code     4  stm32f10x_gpio.o(i.GPIO_ResetBits)
    GPIO_SetBits                             0x08001d4f   Thumb Code     4  stm32f10x_gpio.o(i.GPIO_SetBits)
    GPIO_WriteBit                            0x08001d53   Thumb Code    10  stm32f10x_gpio.o(i.GPIO_WriteBit)
    GT30L32S4W_Init                          0x08001d5d   Thumb Code    30  gt30l32s4w.o(i.GT30L32S4W_Init)
    GT30L32S4W_Read                          0x08001d81   Thumb Code   166  gt30l32s4w.o(i.GT30L32S4W_Read)
    HardFault_Handler                        0x08001e2d   Thumb Code    10  stm32f10x_it.o(i.HardFault_Handler)
    ILI9486_clear_screen                     0x08001e4d   Thumb Code    58  ili9486.o(i.ILI9486_clear_screen)
    ILI9486_draw_line                        0x08001e8d   Thumb Code   160  ili9486.o(i.ILI9486_draw_line)
    ILI9486_draw_rectangle                   0x08001f2d   Thumb Code    84  ili9486.o(i.ILI9486_draw_rectangle)
    ILI9486_open_window                      0x08001f81   Thumb Code   102  ili9486.o(i.ILI9486_open_window)
    ILI9486_putpixel                         0x08001fe9   Thumb Code    82  ili9486.o(i.ILI9486_putpixel)
    ILI9486_showchar_Ch                      0x08002041   Thumb Code   210  ili9486.o(i.ILI9486_showchar_Ch)
    ILI9486_showchar_En                      0x08002113   Thumb Code   196  ili9486.o(i.ILI9486_showchar_En)
    ILI9486_showstring_Ch                    0x080021d9   Thumb Code   186  ili9486.o(i.ILI9486_showstring_Ch)
    ILI9486_showstring_En                    0x0800229d   Thumb Code   164  ili9486.o(i.ILI9486_showstring_En)
    ILI9486_tftlcd_gpio_config               0x08002349   Thumb Code   124  ili9486.o(i.ILI9486_tftlcd_gpio_config)
    ILI9486_tftlcd_init                      0x080023c9   Thumb Code   426  ili9486.o(i.ILI9486_tftlcd_init)
    ILI9486_write_cmd                        0x0800257d   Thumb Code    36  ili9486.o(i.ILI9486_write_cmd)
    ILI9486_write_cmd_data                   0x080025a5   Thumb Code    36  ili9486.o(i.ILI9486_write_cmd_data)
    ILI9486_write_data                       0x080025cd   Thumb Code    52  ili9486.o(i.ILI9486_write_data)
    IWDG_Enable                              0x08002605   Thumb Code    10  stm32f10x_iwdg.o(i.IWDG_Enable)
    IWDG_ReloadCounter                       0x08002615   Thumb Code    10  stm32f10x_iwdg.o(i.IWDG_ReloadCounter)
    IWDG_SetPrescaler                        0x08002625   Thumb Code     6  stm32f10x_iwdg.o(i.IWDG_SetPrescaler)
    IWDG_SetReload                           0x08002631   Thumb Code     6  stm32f10x_iwdg.o(i.IWDG_SetReload)
    IWDG_WriteAccessCmd                      0x0800264d   Thumb Code     6  stm32f10x_iwdg.o(i.IWDG_WriteAccessCmd)
    Key_Init                                 0x08002679   Thumb Code    78  bsp_key.o(i.Key_Init)
    Key_Scan                                 0x080026cd   Thumb Code   194  bsp_key.o(i.Key_Scan)
    Lap_Test_Menu                            0x08002799   Thumb Code   138  bsp_interface.o(i.Lap_Test_Menu)
    MainMenu                                 0x08002869   Thumb Code   172  bsp_interface.o(i.MainMenu)
    MemManage_Handler                        0x0800295d   Thumb Code     4  stm32f10x_it.o(i.MemManage_Handler)
    Multi_slave_function_interface           0x08002961   Thumb Code   300  bsp_interface.o(i.Multi_slave_function_interface)
    NMI_Handler                              0x08002b15   Thumb Code     2  stm32f10x_it.o(i.NMI_Handler)
    NVIC_Init                                0x08002b19   Thumb Code   100  misc.o(i.NVIC_Init)
    NVIC_PriorityGroupConfig                 0x08002b89   Thumb Code    10  misc.o(i.NVIC_PriorityGroupConfig)
    Page_Down                                0x08002b9d   Thumb Code   552  bsp_interface.o(i.Page_Down)
    Page_Up                                  0x08002df1   Thumb Code   578  bsp_interface.o(i.Page_Up)
    RCC_APB1PeriphClockCmd                   0x08003061   Thumb Code    26  stm32f10x_rcc.o(i.RCC_APB1PeriphClockCmd)
    RCC_APB1PeriphResetCmd                   0x08003081   Thumb Code    26  stm32f10x_rcc.o(i.RCC_APB1PeriphResetCmd)
    RCC_APB2PeriphClockCmd                   0x080030a1   Thumb Code    26  stm32f10x_rcc.o(i.RCC_APB2PeriphClockCmd)
    RCC_APB2PeriphResetCmd                   0x080030c1   Thumb Code    26  stm32f10x_rcc.o(i.RCC_APB2PeriphResetCmd)
    RCC_GetClocksFreq                        0x080030e1   Thumb Code   192  stm32f10x_rcc.o(i.RCC_GetClocksFreq)
    Ready_Fun                                0x080031b5   Thumb Code    84  bsp_button.o(i.Ready_Fun)
    SPI_Cmd                                  0x08003221   Thumb Code    24  stm32f10x_spi.o(i.SPI_Cmd)
    SPI_Config                               0x08003239   Thumb Code    76  bsp_spi.o(i.SPI_Config)
    SPI_GPIO_Config                          0x08003289   Thumb Code   104  bsp_spi.o(i.SPI_GPIO_Config)
    SPI_I2S_GetFlagStatus                    0x080032f5   Thumb Code    18  stm32f10x_spi.o(i.SPI_I2S_GetFlagStatus)
    SPI_I2S_ReceiveData                      0x08003307   Thumb Code     6  stm32f10x_spi.o(i.SPI_I2S_ReceiveData)
    SPI_I2S_SendData                         0x0800330d   Thumb Code     4  stm32f10x_spi.o(i.SPI_I2S_SendData)
    SPI_ILI9486_Init                         0x08003311   Thumb Code    12  bsp_spi.o(i.SPI_ILI9486_Init)
    SPI_Init                                 0x0800331d   Thumb Code    60  stm32f10x_spi.o(i.SPI_Init)
    SPI_SendByte                             0x08003359   Thumb Code   110  bsp_spi.o(i.SPI_SendByte)
    Show_AcceleratedRecords                  0x080034f9   Thumb Code   358  bsp_interface.o(i.Show_AcceleratedRecords)
    Show_Data                                0x080036ad   Thumb Code   142  bsp_interface.o(i.Show_Data)
    Show_LapRecords                          0x0800373d   Thumb Code   368  bsp_interface.o(i.Show_LapRecords)
    Slaver_Check_Interface                   0x080038f9   Thumb Code    66  bsp_interface.o(i.Slaver_Check_Interface)
    SysTick_CLKSourceConfig                  0x0800395d   Thumb Code    40  misc.o(i.SysTick_CLKSourceConfig)
    SysTick_Handler                          0x08003985   Thumb Code    16  stm32f10x_it.o(i.SysTick_Handler)
    SystemInit                               0x08003995   Thumb Code    78  system_stm32f10x.o(i.SystemInit)
    TIM1_UP_IRQHandler                       0x080039f5   Thumb Code    90  stm32f10x_it.o(i.TIM1_UP_IRQHandler)
    TIM2_IRQHandler                          0x08003a65   Thumb Code    60  stm32f10x_it.o(i.TIM2_IRQHandler)
    TIM3_IRQHandler                          0x08003aa5   Thumb Code    50  stm32f10x_it.o(i.TIM3_IRQHandler)
    TIM4_IRQHandler                          0x08003ae1   Thumb Code    22  stm32f10x_it.o(i.TIM4_IRQHandler)
    TIMER1_Init                              0x08003afd   Thumb Code   126  bsp_timer.o(i.TIMER1_Init)
    TIMER2_Init                              0x08003b85   Thumb Code   102  bsp_timer.o(i.TIMER2_Init)
    TIMER3_Init                              0x08003bed   Thumb Code    98  bsp_timer.o(i.TIMER3_Init)
    TIM_ClearITPendingBit                    0x08003c55   Thumb Code     6  stm32f10x_tim.o(i.TIM_ClearITPendingBit)
    TIM_Cmd                                  0x08003c5b   Thumb Code    24  stm32f10x_tim.o(i.TIM_Cmd)
    TIM_GetITStatus                          0x08003c73   Thumb Code    34  stm32f10x_tim.o(i.TIM_GetITStatus)
    TIM_ITConfig                             0x08003c95   Thumb Code    18  stm32f10x_tim.o(i.TIM_ITConfig)
    TIM_SetCounter                           0x08003ca7   Thumb Code     4  stm32f10x_tim.o(i.TIM_SetCounter)
    TIM_TimeBaseInit                         0x08003cad   Thumb Code   122  stm32f10x_tim.o(i.TIM_TimeBaseInit)
    Timer1_Off                               0x08003d9d   Thumb Code    20  bsp_timer.o(i.Timer1_Off)
    Timer1_Open                              0x08003db5   Thumb Code    26  bsp_timer.o(i.Timer1_Open)
    Timer3_Off                               0x08003dd9   Thumb Code    20  bsp_timer.o(i.Timer3_Off)
    Timer3_Open                              0x08003df1   Thumb Code    20  bsp_timer.o(i.Timer3_Open)
    USART2_IRQHandler                        0x0800400d   Thumb Code    72  stm32f10x_it.o(i.USART2_IRQHandler)
    USART_ClearFlag                          0x08004061   Thumb Code    18  stm32f10x_usart.o(i.USART_ClearFlag)
    USART_ClearITPendingBit                  0x08004073   Thumb Code    30  stm32f10x_usart.o(i.USART_ClearITPendingBit)
    USART_Cmd                                0x08004091   Thumb Code    24  stm32f10x_usart.o(i.USART_Cmd)
    USART_DeInit                             0x080040a9   Thumb Code   134  stm32f10x_usart.o(i.USART_DeInit)
    USART_GetITStatus                        0x08004145   Thumb Code    84  stm32f10x_usart.o(i.USART_GetITStatus)
    USART_ITConfig                           0x08004199   Thumb Code    74  stm32f10x_usart.o(i.USART_ITConfig)
    USART_Init                               0x080041e5   Thumb Code   210  stm32f10x_usart.o(i.USART_Init)
    USART_ReceiveData                        0x080042bd   Thumb Code    10  stm32f10x_usart.o(i.USART_ReceiveData)
    USART_SendData                           0x080042c7   Thumb Code     8  stm32f10x_usart.o(i.USART_SendData)
    UsageFault_Handler                       0x08004395   Thumb Code     4  stm32f10x_it.o(i.UsageFault_Handler)
    View_Fun                                 0x08004565   Thumb Code    68  bsp_button.o(i.View_Fun)
    WWDG_Config                              0x080045b1   Thumb Code    36  bsp_iwdg.o(i.WWDG_Config)
    __0printf$6                              0x080045d5   Thumb Code    22  printf6.o(i.__0printf$6)
    __1printf$6                              0x080045d5   Thumb Code     0  printf6.o(i.__0printf$6)
    __2printf                                0x080045d5   Thumb Code     0  printf6.o(i.__0printf$6)
    __0sprintf$6                             0x080045f5   Thumb Code    34  printf6.o(i.__0sprintf$6)
    __1sprintf$6                             0x080045f5   Thumb Code     0  printf6.o(i.__0sprintf$6)
    __2sprintf                               0x080045f5   Thumb Code     0  printf6.o(i.__0sprintf$6)
    __scatterload_copy                       0x0800461d   Thumb Code    14  handlers.o(i.__scatterload_copy)
    __scatterload_null                       0x0800462b   Thumb Code     2  handlers.o(i.__scatterload_null)
    __scatterload_zeroinit                   0x0800462d   Thumb Code    14  handlers.o(i.__scatterload_zeroinit)
    delay_us                                 0x08004989   Thumb Code    68  bsp_delay.o(i.delay_us)
    delay_xms                                0x080049d1   Thumb Code    24  bsp_delay.o(i.delay_xms)
    fputc                                    0x080049e9   Thumb Code    24  bsp_usart.o(i.fputc)
    main                                     0x08004a05   Thumb Code    62  main.o(i.main)
    pvPortMalloc                             0x08005039   Thumb Code   188  heap_4.o(i.pvPortMalloc)
    pxPortInitialiseStack                    0x08005109   Thumb Code    30  port.o(i.pxPortInitialiseStack)
    uart1_init                               0x0800512d   Thumb Code   112  bsp_usart.o(i.uart1_init)
    uart2_init                               0x080051a5   Thumb Code   180  bsp_usart.o(i.uart2_init)
    uxListRemove                             0x08005261   Thumb Code    40  list.o(i.uxListRemove)
    uxTaskResetEventItemValue                0x08005289   Thumb Code    24  tasks.o(i.uxTaskResetEventItemValue)
    vApplicationGetIdleTaskMemory            0x080052a5   Thumb Code    14  main.o(i.vApplicationGetIdleTaskMemory)
    vListInitialise                          0x080052bd   Thumb Code    26  list.o(i.vListInitialise)
    vListInitialiseItem                      0x080052d7   Thumb Code     6  list.o(i.vListInitialiseItem)
    vListInsert                              0x080052dd   Thumb Code    52  list.o(i.vListInsert)
    vListInsertEnd                           0x08005311   Thumb Code    24  list.o(i.vListInsertEnd)
    vPortEnterCritical                       0x08005329   Thumb Code    30  port.o(i.vPortEnterCritical)
    vPortExitCritical                        0x0800534d   Thumb Code    28  port.o(i.vPortExitCritical)
    vPortFree                                0x0800536d   Thumb Code    64  heap_4.o(i.vPortFree)
    vPortSetupTimerInterrupt                 0x080053b5   Thumb Code    14  port.o(i.vPortSetupTimerInterrupt)
    vTaskDelay                               0x080053c9   Thumb Code    46  tasks.o(i.vTaskDelay)
    vTaskDelete                              0x080053fd   Thumb Code   166  tasks.o(i.vTaskDelete)
    vTaskMissedYield                         0x080054c9   Thumb Code     8  tasks.o(i.vTaskMissedYield)
    vTaskPlaceOnEventList                    0x080054d5   Thumb Code    28  tasks.o(i.vTaskPlaceOnEventList)
    vTaskPlaceOnUnorderedEventList           0x080054f5   Thumb Code    40  tasks.o(i.vTaskPlaceOnUnorderedEventList)
    vTaskSetTimeOutState                     0x08005521   Thumb Code    14  tasks.o(i.vTaskSetTimeOutState)
    vTaskStartScheduler                      0x08005539   Thumb Code   114  tasks.o(i.vTaskStartScheduler)
    vTaskSuspendAll                          0x080055cd   Thumb Code    12  tasks.o(i.vTaskSuspendAll)
    vTaskSwitchContext                       0x080055dd   Thumb Code    76  tasks.o(i.vTaskSwitchContext)
    xEventGroupClearBits                     0x0800563d   Thumb Code    32  event_groups.o(i.xEventGroupClearBits)
    xEventGroupCreate                        0x0800565d   Thumb Code    30  event_groups.o(i.xEventGroupCreate)
    xEventGroupSetBits                       0x0800567b   Thumb Code   146  event_groups.o(i.xEventGroupSetBits)
    xEventGroupWaitBits                      0x0800570d   Thumb Code   194  event_groups.o(i.xEventGroupWaitBits)
    xPortStartScheduler                      0x080057d5   Thumb Code    42  port.o(i.xPortStartScheduler)
    xPortSysTickHandler                      0x08005809   Thumb Code    46  port.o(i.xPortSysTickHandler)
    xQueueGenericCreate                      0x0800583d   Thumb Code    62  queue.o(i.xQueueGenericCreate)
    xQueueGenericReceive                     0x0800587d   Thumb Code   312  queue.o(i.xQueueGenericReceive)
    xQueueGenericReset                       0x080059b9   Thumb Code   122  queue.o(i.xQueueGenericReset)
    xQueueGenericSend                        0x08005a39   Thumb Code   276  queue.o(i.xQueueGenericSend)
    xQueueGiveFromISR                        0x08005b51   Thumb Code   120  queue.o(i.xQueueGiveFromISR)
    xTaskCheckForTimeOut                     0x08005bc9   Thumb Code    84  tasks.o(i.xTaskCheckForTimeOut)
    xTaskCreate                              0x08005c25   Thumb Code   100  tasks.o(i.xTaskCreate)
    xTaskCreateStatic                        0x08005c89   Thumb Code    78  tasks.o(i.xTaskCreateStatic)
    xTaskGetSchedulerState                   0x08005cd9   Thumb Code    24  tasks.o(i.xTaskGetSchedulerState)
    xTaskIncrementTick                       0x08005cf9   Thumb Code   238  tasks.o(i.xTaskIncrementTick)
    xTaskRemoveFromEventList                 0x08005e15   Thumb Code   104  tasks.o(i.xTaskRemoveFromEventList)
    xTaskRemoveFromUnorderedEventList        0x08005e95   Thumb Code    94  tasks.o(i.xTaskRemoveFromUnorderedEventList)
    xTaskResumeAll                           0x08005f05   Thumb Code   196  tasks.o(i.xTaskResumeAll)
    Region$$Table$$Base                      0x08005fec   Number         0  anon$$obj.o(Region$$Table)
    Region$$Table$$Limit                     0x0800600c   Number         0  anon$$obj.o(Region$$Table)
    EventGroupHandler                        0x20000014   Data           4  main.o(.data)
    BinarySem1_Handle                        0x20000018   Data           4  main.o(.data)
    BinarySem2_Handle                        0x2000001c   Data           4  main.o(.data)
    BinarySem3_Handle                        0x20000020   Data           4  main.o(.data)
    Lap_stflag                               0x20000044   Data           1  main.o(.data)
    Connection_count                         0x20000045   Data           1  main.o(.data)
    bxflag                                   0x20000046   Data           1  main.o(.data)
    Showhigh                                 0x20000048   Data           2  main.o(.data)
    Data1_Count                              0x2000004a   Data           2  main.o(.data)
    Data2_Count                              0x2000004c   Data           2  main.o(.data)
    slaver_flag                              0x2000004e   Data           1  main.o(.data)
    slaver_count                             0x2000004f   Data           1  main.o(.data)
    Time3value                               0x20000054   Data           4  stm32f10x_it.o(.data)
    Time1value                               0x20000058   Data           2  stm32f10x_it.o(.data)
    Timer1flag                               0x2000005a   Data           1  stm32f10x_it.o(.data)
    EXTIX_Flag                               0x2000005b   Data           1  stm32f10x_it.o(.data)
    CPU_RunTime                              0x2000005c   Data           4  stm32f10x_it.o(.data)
    Page_Start                               0x20000068   Data           2  bsp_interface.o(.data)
    Data1_Seek                               0x2000006a   Data           2  bsp_interface.o(.data)
    Data2_Seek                               0x2000006c   Data           2  bsp_interface.o(.data)
    SelectFlag                               0x2000006e   Data           1  bsp_interface.o(.data)
    InterfaceFlag                            0x2000006f   Data           1  bsp_interface.o(.data)
    screen_x_length                          0x20000070   Data           2  ili9486.o(.data)
    screen_y_length                          0x20000072   Data           2  ili9486.o(.data)
    pxCurrentTCB                             0x20000080   Data           4  tasks.o(.data)
    __stdout                                 0x200000d8   Data           4  stdout.o(.data)
    DataBuffer1                              0x20000b4c   Data        2048  main.o(.bss)
    DataBuffer2                              0x2000134c   Data        2048  main.o(.bss)
    timer_slave                              0x20001b4c   Data          12  main.o(.bss)
    timer_slaver_num                         0x20001b58   Data          12  main.o(.bss)
    button                                   0x20001b70   Data         180  bsp_button.o(.bss)
    __initial_sp                             0x20004d08   Data           0  startup_stm32f10x_md.o(STACK)



==============================================================================

Memory Map of the image

  Image Entry point : 0x080000ed

  Load Region LR_IROM1 (Base: 0x08000000, Size: 0x000060e8, Max: 0x00010000, ABSOLUTE)

    Execution Region ER_IROM1 (Exec base: 0x08000000, Load base: 0x08000000, Size: 0x0000600c, Max: 0x00010000, ABSOLUTE)

    Exec Addr    Load Addr    Size         Type   Attr      Idx    E Section Name        Object

    0x08000000   0x08000000   0x000000ec   Data   RO            3    RESET               startup_stm32f10x_md.o
    0x080000ec   0x080000ec   0x00000000   Code   RO         4753  * .ARM.Collect$$$$00000000  mc_w.l(entry.o)
    0x080000ec   0x080000ec   0x00000004   Code   RO         5031    .ARM.Collect$$$$00000001  mc_w.l(entry2.o)
    0x080000f0   0x080000f0   0x00000004   Code   RO         5034    .ARM.Collect$$$$00000004  mc_w.l(entry5.o)
    0x080000f4   0x080000f4   0x00000000   Code   RO         5036    .ARM.Collect$$$$00000008  mc_w.l(entry7b.o)
    0x080000f4   0x080000f4   0x00000000   Code   RO         5038    .ARM.Collect$$$$0000000A  mc_w.l(entry8b.o)
    0x080000f4   0x080000f4   0x00000008   Code   RO         5039    .ARM.Collect$$$$0000000B  mc_w.l(entry9a.o)
    0x080000fc   0x080000fc   0x00000004   Code   RO         5046    .ARM.Collect$$$$0000000E  mc_w.l(entry12b.o)
    0x08000100   0x08000100   0x00000000   Code   RO         5041    .ARM.Collect$$$$0000000F  mc_w.l(entry10a.o)
    0x08000100   0x08000100   0x00000000   Code   RO         5043    .ARM.Collect$$$$00000011  mc_w.l(entry11a.o)
    0x08000100   0x08000100   0x00000004   Code   RO         5032    .ARM.Collect$$$$00002712  mc_w.l(entry2.o)
    0x08000104   0x08000104   0x00000096   Code   RO         4633    .emb_text           port.o
    0x0800019a   0x0800019a   0x00000002   PAD
    0x0800019c   0x0800019c   0x00000024   Code   RO            4    .text               startup_stm32f10x_md.o
    0x080001c0   0x080001c0   0x00000024   Code   RO         4756    .text               mc_w.l(memcpya.o)
    0x080001e4   0x080001e4   0x00000024   Code   RO         4758    .text               mc_w.l(memseta.o)
    0x08000208   0x08000208   0x0000002c   Code   RO         5048    .text               mc_w.l(uidiv.o)
    0x08000234   0x08000234   0x00000024   Code   RO         5067    .text               mc_w.l(init.o)
    0x08000258   0x08000258   0x00000044   Code   RO         4011    i.AS32_GPIO_Config  as32-100-c.o
    0x0800029c   0x0800029c   0x0000001c   Code   RO         4012    i.AS32_Init         as32-100-c.o
    0x080002b8   0x080002b8   0x00000024   Code   RO         3897    i.ASCII_12X24_ADDR  gt30l32s4w.o
    0x080002dc   0x080002dc   0x00000020   Code   RO         3898    i.ASCII_16X32_ADDR  gt30l32s4w.o
    0x080002fc   0x080002fc   0x00000024   Code   RO         3899    i.ASCII_6X12_ADDR   gt30l32s4w.o
    0x08000320   0x08000320   0x00000020   Code   RO         3900    i.ASCII_8X16_ADDR   gt30l32s4w.o
    0x08000340   0x08000340   0x00000050   Code   RO         3901    i.ASCII_Addr_Tans   gt30l32s4w.o
    0x08000390   0x08000390   0x00000438   Code   RO         3108    i.AppTaskCreate     main.o
    0x080007c8   0x080007c8   0x00000068   Code   RO         3109    i.BEEP_CheckoutTask  main.o
    0x08000830   0x08000830   0x00000038   Code   RO         3993    i.BEEP_GPIO_Config  bsp_beep.o
    0x08000868   0x08000868   0x00000018   Code   RO         3994    i.BEEP_Init         bsp_beep.o
    0x08000880   0x08000880   0x000000b4   Code   RO         3110    i.BSP_Init          main.o
    0x08000934   0x08000934   0x00000020   Code   RO         3534    i.Backtrack1_Fun    bsp_button.o
    0x08000954   0x08000954   0x000000d0   Code   RO         3535    i.Backtrack_Fun     bsp_button.o
    0x08000a24   0x08000a24   0x00000004   Code   RO         3279    i.BusFault_Handler  stm32f10x_it.o
    0x08000a28   0x08000a28   0x00000190   Code   RO         3536    i.Button_Dealing    bsp_button.o
    0x08000bb8   0x08000bb8   0x000000dc   Code   RO         3537    i.Button_Draw       bsp_button.o
    0x08000c94   0x08000c94   0x00000210   Code   RO         3538    i.Button_Init       bsp_button.o
    0x08000ea4   0x08000ea4   0x000000ac   Code   RO         3631    i.Connection_Count_Show  bsp_interface.o
    0x08000f50   0x08000f50   0x00000002   Code   RO         3280    i.DebugMon_Handler  stm32f10x_it.o
    0x08000f52   0x08000f52   0x00000002   PAD
    0x08000f54   0x08000f54   0x00000044   Code   RO         3373    i.Delay_Init        bsp_delay.o
    0x08000f98   0x08000f98   0x00000134   Code   RO         3539    i.Determine_Fun     bsp_button.o
    0x080010cc   0x080010cc   0x000000c4   Code   RO         3540    i.Down_Fun          bsp_button.o
    0x08001190   0x08001190   0x00000068   Code   RO         3281    i.EXTI9_5_IRQHandler  stm32f10x_it.o
    0x080011f8   0x080011f8   0x000002a0   Code   RO         3111    i.EXTIX_DealTask    main.o
    0x08001498   0x08001498   0x0000000c   Code   RO          895    i.EXTI_ClearITPendingBit  stm32f10x_exti.o
    0x080014a4   0x080014a4   0x00000028   Code   RO          899    i.EXTI_GetITStatus  stm32f10x_exti.o
    0x080014cc   0x080014cc   0x00000094   Code   RO          900    i.EXTI_Init         stm32f10x_exti.o
    0x08001560   0x08001560   0x00000018   Code   RO         3541    i.Empty_Fun         bsp_button.o
    0x08001578   0x08001578   0x000000e0   Code   RO         3632    i.Empty_Records     bsp_interface.o
    0x08001658   0x08001658   0x0000001c   Code   RO         3607    i.Exti_Close        bsp_exti.o
    0x08001674   0x08001674   0x00000074   Code   RO         3608    i.Exti_Init         bsp_exti.o
    0x080016e8   0x080016e8   0x0000001c   Code   RO         3609    i.Exti_Open         bsp_exti.o
    0x08001704   0x08001704   0x00000190   Code   RO         3112    i.Face_SwitchTask   main.o
    0x08001894   0x08001894   0x00000068   Code   RO         3902    i.GB2312_12X12_ADDR  gt30l32s4w.o
    0x080018fc   0x080018fc   0x0000006c   Code   RO         3903    i.GB2312_15X16_ADDR  gt30l32s4w.o
    0x08001968   0x08001968   0x00000074   Code   RO         3904    i.GB2312_24X24_ADDR  gt30l32s4w.o
    0x080019dc   0x080019dc   0x0000006c   Code   RO         3905    i.GB2312_32X32_ADDR  gt30l32s4w.o
    0x08001a48   0x08001a48   0x00000058   Code   RO         3906    i.GB2312_6X12_ADDR  gt30l32s4w.o
    0x08001aa0   0x08001aa0   0x00000050   Code   RO         3907    i.GB2312_8X16_ADDR  gt30l32s4w.o
    0x08001af0   0x08001af0   0x00000060   Code   RO         3908    i.GB2312_Addr_Tans  gt30l32s4w.o
    0x08001b50   0x08001b50   0x00000040   Code   RO         1245    i.GPIO_EXTILineConfig  stm32f10x_gpio.o
    0x08001b90   0x08001b90   0x00000116   Code   RO         1248    i.GPIO_Init         stm32f10x_gpio.o
    0x08001ca6   0x08001ca6   0x00000002   PAD
    0x08001ca8   0x08001ca8   0x00000090   Code   RO         1250    i.GPIO_PinRemapConfig  stm32f10x_gpio.o
    0x08001d38   0x08001d38   0x00000012   Code   RO         1252    i.GPIO_ReadInputDataBit  stm32f10x_gpio.o
    0x08001d4a   0x08001d4a   0x00000004   Code   RO         1255    i.GPIO_ResetBits    stm32f10x_gpio.o
    0x08001d4e   0x08001d4e   0x00000004   Code   RO         1256    i.GPIO_SetBits      stm32f10x_gpio.o
    0x08001d52   0x08001d52   0x0000000a   Code   RO         1259    i.GPIO_WriteBit     stm32f10x_gpio.o
    0x08001d5c   0x08001d5c   0x00000024   Code   RO         3910    i.GT30L32S4W_Init   gt30l32s4w.o
    0x08001d80   0x08001d80   0x000000ac   Code   RO         3911    i.GT30L32S4W_Read   gt30l32s4w.o
    0x08001e2c   0x08001e2c   0x00000020   Code   RO         3282    i.HardFault_Handler  stm32f10x_it.o
    0x08001e4c   0x08001e4c   0x00000040   Code   RO         3710    i.ILI9486_clear_screen  ili9486.o
    0x08001e8c   0x08001e8c   0x000000a0   Code   RO         3714    i.ILI9486_draw_line  ili9486.o
    0x08001f2c   0x08001f2c   0x00000054   Code   RO         3715    i.ILI9486_draw_rectangle  ili9486.o
    0x08001f80   0x08001f80   0x00000066   Code   RO         3717    i.ILI9486_open_window  ili9486.o
    0x08001fe6   0x08001fe6   0x00000002   PAD
    0x08001fe8   0x08001fe8   0x00000058   Code   RO         3719    i.ILI9486_putpixel  ili9486.o
    0x08002040   0x08002040   0x000000d2   Code   RO         3724    i.ILI9486_showchar_Ch  ili9486.o
    0x08002112   0x08002112   0x000000c4   Code   RO         3725    i.ILI9486_showchar_En  ili9486.o
    0x080021d6   0x080021d6   0x00000002   PAD
    0x080021d8   0x080021d8   0x000000c4   Code   RO         3726    i.ILI9486_showstring_Ch  ili9486.o
    0x0800229c   0x0800229c   0x000000ac   Code   RO         3727    i.ILI9486_showstring_En  ili9486.o
    0x08002348   0x08002348   0x00000080   Code   RO         3728    i.ILI9486_tftlcd_gpio_config  ili9486.o
    0x080023c8   0x080023c8   0x000001b4   Code   RO         3729    i.ILI9486_tftlcd_init  ili9486.o
    0x0800257c   0x0800257c   0x00000028   Code   RO         3730    i.ILI9486_write_cmd  ili9486.o
    0x080025a4   0x080025a4   0x00000028   Code   RO         3731    i.ILI9486_write_cmd_data  ili9486.o
    0x080025cc   0x080025cc   0x00000038   Code   RO         3732    i.ILI9486_write_data  ili9486.o
    0x08002604   0x08002604   0x00000010   Code   RO         1560    i.IWDG_Enable       stm32f10x_iwdg.o
    0x08002614   0x08002614   0x00000010   Code   RO         1562    i.IWDG_ReloadCounter  stm32f10x_iwdg.o
    0x08002624   0x08002624   0x0000000c   Code   RO         1563    i.IWDG_SetPrescaler  stm32f10x_iwdg.o
    0x08002630   0x08002630   0x0000000c   Code   RO         1564    i.IWDG_SetReload    stm32f10x_iwdg.o
    0x0800263c   0x0800263c   0x00000010   Code   RO         3113    i.IWDG_Task         main.o
    0x0800264c   0x0800264c   0x0000000c   Code   RO         1565    i.IWDG_WriteAccessCmd  stm32f10x_iwdg.o
    0x08002658   0x08002658   0x0000001e   Code   RO         3114    i.KeyScan_Task      main.o
    0x08002676   0x08002676   0x00000002   PAD
    0x08002678   0x08002678   0x00000054   Code   RO         3515    i.Key_Init          bsp_key.o
    0x080026cc   0x080026cc   0x000000cc   Code   RO         3516    i.Key_Scan          bsp_key.o
    0x08002798   0x08002798   0x000000d0   Code   RO         3633    i.Lap_Test_Menu     bsp_interface.o
    0x08002868   0x08002868   0x000000f4   Code   RO         3634    i.MainMenu          bsp_interface.o
    0x0800295c   0x0800295c   0x00000004   Code   RO         3283    i.MemManage_Handler  stm32f10x_it.o
    0x08002960   0x08002960   0x000001b4   Code   RO         3635    i.Multi_slave_function_interface  bsp_interface.o
    0x08002b14   0x08002b14   0x00000002   Code   RO         3284    i.NMI_Handler       stm32f10x_it.o
    0x08002b16   0x08002b16   0x00000002   PAD
    0x08002b18   0x08002b18   0x00000070   Code   RO           10    i.NVIC_Init         misc.o
    0x08002b88   0x08002b88   0x00000014   Code   RO           11    i.NVIC_PriorityGroupConfig  misc.o
    0x08002b9c   0x08002b9c   0x00000254   Code   RO         3636    i.Page_Down         bsp_interface.o
    0x08002df0   0x08002df0   0x00000270   Code   RO         3637    i.Page_Up           bsp_interface.o
    0x08003060   0x08003060   0x00000020   Code   RO         1664    i.RCC_APB1PeriphClockCmd  stm32f10x_rcc.o
    0x08003080   0x08003080   0x00000020   Code   RO         1665    i.RCC_APB1PeriphResetCmd  stm32f10x_rcc.o
    0x080030a0   0x080030a0   0x00000020   Code   RO         1666    i.RCC_APB2PeriphClockCmd  stm32f10x_rcc.o
    0x080030c0   0x080030c0   0x00000020   Code   RO         1667    i.RCC_APB2PeriphResetCmd  stm32f10x_rcc.o
    0x080030e0   0x080030e0   0x000000d4   Code   RO         1674    i.RCC_GetClocksFreq  stm32f10x_rcc.o
    0x080031b4   0x080031b4   0x0000006c   Code   RO         3542    i.Ready_Fun         bsp_button.o
    0x08003220   0x08003220   0x00000018   Code   RO         2143    i.SPI_Cmd           stm32f10x_spi.o
    0x08003238   0x08003238   0x00000050   Code   RO         3860    i.SPI_Config        bsp_spi.o
    0x08003288   0x08003288   0x0000006c   Code   RO         3861    i.SPI_GPIO_Config   bsp_spi.o
    0x080032f4   0x080032f4   0x00000012   Code   RO         2151    i.SPI_I2S_GetFlagStatus  stm32f10x_spi.o
    0x08003306   0x08003306   0x00000006   Code   RO         2154    i.SPI_I2S_ReceiveData  stm32f10x_spi.o
    0x0800330c   0x0800330c   0x00000004   Code   RO         2155    i.SPI_I2S_SendData  stm32f10x_spi.o
    0x08003310   0x08003310   0x0000000c   Code   RO         3862    i.SPI_ILI9486_Init  bsp_spi.o
    0x0800331c   0x0800331c   0x0000003c   Code   RO         2156    i.SPI_Init          stm32f10x_spi.o
    0x08003358   0x08003358   0x00000078   Code   RO         3863    i.SPI_SendByte      bsp_spi.o
    0x080033d0   0x080033d0   0x00000040   Code   RO         3864    i.SPI_TIMEOUT_UsertCallback  bsp_spi.o
    0x08003410   0x08003410   0x00000008   Code   RO         3074    i.SetSysClock       system_stm32f10x.o
    0x08003418   0x08003418   0x000000e0   Code   RO         3075    i.SetSysClockTo72   system_stm32f10x.o
    0x080034f8   0x080034f8   0x000001b4   Code   RO         3638    i.Show_AcceleratedRecords  bsp_interface.o
    0x080036ac   0x080036ac   0x0000008e   Code   RO         3639    i.Show_Data         bsp_interface.o
    0x0800373a   0x0800373a   0x00000002   PAD
    0x0800373c   0x0800373c   0x000001bc   Code   RO         3640    i.Show_LapRecords   bsp_interface.o
    0x080038f8   0x080038f8   0x00000064   Code   RO         3641    i.Slaver_Check_Interface  bsp_interface.o
    0x0800395c   0x0800395c   0x00000028   Code   RO           14    i.SysTick_CLKSourceConfig  misc.o
    0x08003984   0x08003984   0x00000010   Code   RO         3285    i.SysTick_Handler   stm32f10x_it.o
    0x08003994   0x08003994   0x00000060   Code   RO         3077    i.SystemInit        system_stm32f10x.o
    0x080039f4   0x080039f4   0x00000070   Code   RO         3286    i.TIM1_UP_IRQHandler  stm32f10x_it.o
    0x08003a64   0x08003a64   0x00000040   Code   RO         3287    i.TIM2_IRQHandler   stm32f10x_it.o
    0x08003aa4   0x08003aa4   0x0000003c   Code   RO         3288    i.TIM3_IRQHandler   stm32f10x_it.o
    0x08003ae0   0x08003ae0   0x0000001c   Code   RO         3289    i.TIM4_IRQHandler   stm32f10x_it.o
    0x08003afc   0x08003afc   0x00000088   Code   RO         3436    i.TIMER1_Init       bsp_timer.o
    0x08003b84   0x08003b84   0x00000066   Code   RO         3437    i.TIMER2_Init       bsp_timer.o
    0x08003bea   0x08003bea   0x00000002   PAD
    0x08003bec   0x08003bec   0x00000068   Code   RO         3438    i.TIMER3_Init       bsp_timer.o
    0x08003c54   0x08003c54   0x00000006   Code   RO         2293    i.TIM_ClearITPendingBit  stm32f10x_tim.o
    0x08003c5a   0x08003c5a   0x00000018   Code   RO         2298    i.TIM_Cmd           stm32f10x_tim.o
    0x08003c72   0x08003c72   0x00000022   Code   RO         2319    i.TIM_GetITStatus   stm32f10x_tim.o
    0x08003c94   0x08003c94   0x00000012   Code   RO         2323    i.TIM_ITConfig      stm32f10x_tim.o
    0x08003ca6   0x08003ca6   0x00000004   Code   RO         2363    i.TIM_SetCounter    stm32f10x_tim.o
    0x08003caa   0x08003caa   0x00000002   PAD
    0x08003cac   0x08003cac   0x000000a4   Code   RO         2369    i.TIM_TimeBaseInit  stm32f10x_tim.o
    0x08003d50   0x08003d50   0x0000004c   Code   RO         3115    i.TestData_Save     main.o
    0x08003d9c   0x08003d9c   0x00000018   Code   RO         3440    i.Timer1_Off        bsp_timer.o
    0x08003db4   0x08003db4   0x00000024   Code   RO         3441    i.Timer1_Open       bsp_timer.o
    0x08003dd8   0x08003dd8   0x00000018   Code   RO         3444    i.Timer3_Off        bsp_timer.o
    0x08003df0   0x08003df0   0x00000018   Code   RO         3445    i.Timer3_Open       bsp_timer.o
    0x08003e08   0x08003e08   0x00000204   Code   RO         3116    i.USART2_DealTask   main.o
    0x0800400c   0x0800400c   0x00000054   Code   RO         3290    i.USART2_IRQHandler  stm32f10x_it.o
    0x08004060   0x08004060   0x00000012   Code   RO         2830    i.USART_ClearFlag   stm32f10x_usart.o
    0x08004072   0x08004072   0x0000001e   Code   RO         2831    i.USART_ClearITPendingBit  stm32f10x_usart.o
    0x08004090   0x08004090   0x00000018   Code   RO         2834    i.USART_Cmd         stm32f10x_usart.o
    0x080040a8   0x080040a8   0x0000009c   Code   RO         2836    i.USART_DeInit      stm32f10x_usart.o
    0x08004144   0x08004144   0x00000054   Code   RO         2838    i.USART_GetITStatus  stm32f10x_usart.o
    0x08004198   0x08004198   0x0000004a   Code   RO         2840    i.USART_ITConfig    stm32f10x_usart.o
    0x080041e2   0x080041e2   0x00000002   PAD
    0x080041e4   0x080041e4   0x000000d8   Code   RO         2841    i.USART_Init        stm32f10x_usart.o
    0x080042bc   0x080042bc   0x0000000a   Code   RO         2848    i.USART_ReceiveData  stm32f10x_usart.o
    0x080042c6   0x080042c6   0x00000008   Code   RO         2851    i.USART_SendData    stm32f10x_usart.o
    0x080042ce   0x080042ce   0x00000002   PAD
    0x080042d0   0x080042d0   0x000000c4   Code   RO         3543    i.Up_Fun            bsp_button.o
    0x08004394   0x08004394   0x00000004   Code   RO         3291    i.UsageFault_Handler  stm32f10x_it.o
    0x08004398   0x08004398   0x000001cc   Code   RO         3117    i.Usart_Handle      main.o
    0x08004564   0x08004564   0x0000004c   Code   RO         3544    i.View_Fun          bsp_button.o
    0x080045b0   0x080045b0   0x00000024   Code   RO         4029    i.WWDG_Config       bsp_iwdg.o
    0x080045d4   0x080045d4   0x00000020   Code   RO         4917    i.__0printf$6       mc_w.l(printf6.o)
    0x080045f4   0x080045f4   0x00000028   Code   RO         4919    i.__0sprintf$6      mc_w.l(printf6.o)
    0x0800461c   0x0800461c   0x0000000e   Code   RO         5073    i.__scatterload_copy  mc_w.l(handlers.o)
    0x0800462a   0x0800462a   0x00000002   Code   RO         5074    i.__scatterload_null  mc_w.l(handlers.o)
    0x0800462c   0x0800462c   0x0000000e   Code   RO         5075    i.__scatterload_zeroinit  mc_w.l(handlers.o)
    0x0800463a   0x0800463a   0x00000002   PAD
    0x0800463c   0x0800463c   0x000002f0   Code   RO         4924    i._printf_core      mc_w.l(printf6.o)
    0x0800492c   0x0800492c   0x00000024   Code   RO         4925    i._printf_post_padding  mc_w.l(printf6.o)
    0x08004950   0x08004950   0x0000002e   Code   RO         4926    i._printf_pre_padding  mc_w.l(printf6.o)
    0x0800497e   0x0800497e   0x0000000a   Code   RO         4928    i._sputc            mc_w.l(printf6.o)
    0x08004988   0x08004988   0x00000048   Code   RO         3375    i.delay_us          bsp_delay.o
    0x080049d0   0x080049d0   0x00000018   Code   RO         3376    i.delay_xms         bsp_delay.o
    0x080049e8   0x080049e8   0x0000001c   Code   RO         3405    i.fputc             bsp_usart.o
    0x08004a04   0x08004a04   0x0000008c   Code   RO         3118    i.main              main.o
    0x08004a90   0x08004a90   0x00000098   Code   RO         4333    i.prvAddCurrentTaskToDelayedList  tasks.o
    0x08004b28   0x08004b28   0x000000b4   Code   RO         4334    i.prvAddNewTaskToReadyList  tasks.o
    0x08004bdc   0x08004bdc   0x00000064   Code   RO         4335    i.prvCheckTasksWaitingTermination  tasks.o
    0x08004c40   0x08004c40   0x0000002a   Code   RO         4182    i.prvCopyDataFromQueue  queue.o
    0x08004c6a   0x08004c6a   0x0000006a   Code   RO         4183    i.prvCopyDataToQueue  queue.o
    0x08004cd4   0x08004cd4   0x00000028   Code   RO         4336    i.prvDeleteTCB      tasks.o
    0x08004cfc   0x08004cfc   0x0000007c   Code   RO         4704    i.prvHeapInit       heap_4.o
    0x08004d78   0x08004d78   0x00000028   Code   RO         4337    i.prvIdleTask       tasks.o
    0x08004da0   0x08004da0   0x00000026   Code   RO         4184    i.prvInitialiseNewQueue  queue.o
    0x08004dc6   0x08004dc6   0x00000080   Code   RO         4338    i.prvInitialiseNewTask  tasks.o
    0x08004e46   0x08004e46   0x00000002   PAD
    0x08004e48   0x08004e48   0x00000068   Code   RO         4339    i.prvInitialiseTaskLists  tasks.o
    0x08004eb0   0x08004eb0   0x00000068   Code   RO         4705    i.prvInsertBlockIntoFreeList  heap_4.o
    0x08004f18   0x08004f18   0x0000001a   Code   RO         4185    i.prvIsQueueEmpty   queue.o
    0x08004f32   0x08004f32   0x0000001e   Code   RO         4186    i.prvIsQueueFull    queue.o
    0x08004f50   0x08004f50   0x00000034   Code   RO         4340    i.prvResetNextTaskUnblockTime  tasks.o
    0x08004f84   0x08004f84   0x00000016   Code   RO         4634    i.prvTaskExitError  port.o
    0x08004f9a   0x08004f9a   0x0000001e   Code   RO         4050    i.prvTestWaitCondition  event_groups.o
    0x08004fb8   0x08004fb8   0x0000007e   Code   RO         4187    i.prvUnlockQueue    queue.o
    0x08005036   0x08005036   0x00000002   PAD
    0x08005038   0x08005038   0x000000d0   Code   RO         4706    i.pvPortMalloc      heap_4.o
    0x08005108   0x08005108   0x00000024   Code   RO         4635    i.pxPortInitialiseStack  port.o
    0x0800512c   0x0800512c   0x00000078   Code   RO         3406    i.uart1_init        bsp_usart.o
    0x080051a4   0x080051a4   0x000000bc   Code   RO         3407    i.uart2_init        bsp_usart.o
    0x08005260   0x08005260   0x00000028   Code   RO         4145    i.uxListRemove      list.o
    0x08005288   0x08005288   0x0000001c   Code   RO         4346    i.uxTaskResetEventItemValue  tasks.o
    0x080052a4   0x080052a4   0x00000018   Code   RO         3119    i.vApplicationGetIdleTaskMemory  main.o
    0x080052bc   0x080052bc   0x0000001a   Code   RO         4146    i.vListInitialise   list.o
    0x080052d6   0x080052d6   0x00000006   Code   RO         4147    i.vListInitialiseItem  list.o
    0x080052dc   0x080052dc   0x00000034   Code   RO         4148    i.vListInsert       list.o
    0x08005310   0x08005310   0x00000018   Code   RO         4149    i.vListInsertEnd    list.o
    0x08005328   0x08005328   0x00000024   Code   RO         4637    i.vPortEnterCritical  port.o
    0x0800534c   0x0800534c   0x00000020   Code   RO         4638    i.vPortExitCritical  port.o
    0x0800536c   0x0800536c   0x00000048   Code   RO         4707    i.vPortFree         heap_4.o
    0x080053b4   0x080053b4   0x00000014   Code   RO         4639    i.vPortSetupTimerInterrupt  port.o
    0x080053c8   0x080053c8   0x00000034   Code   RO         4347    i.vTaskDelay        tasks.o
    0x080053fc   0x080053fc   0x000000cc   Code   RO         4349    i.vTaskDelete       tasks.o
    0x080054c8   0x080054c8   0x0000000c   Code   RO         4351    i.vTaskMissedYield  tasks.o
    0x080054d4   0x080054d4   0x00000020   Code   RO         4353    i.vTaskPlaceOnEventList  tasks.o
    0x080054f4   0x080054f4   0x0000002c   Code   RO         4354    i.vTaskPlaceOnUnorderedEventList  tasks.o
    0x08005520   0x08005520   0x00000018   Code   RO         4357    i.vTaskSetTimeOutState  tasks.o
    0x08005538   0x08005538   0x00000094   Code   RO         4358    i.vTaskStartScheduler  tasks.o
    0x080055cc   0x080055cc   0x00000010   Code   RO         4360    i.vTaskSuspendAll   tasks.o
    0x080055dc   0x080055dc   0x00000060   Code   RO         4361    i.vTaskSwitchContext  tasks.o
    0x0800563c   0x0800563c   0x00000020   Code   RO         4054    i.xEventGroupClearBits  event_groups.o
    0x0800565c   0x0800565c   0x0000001e   Code   RO         4055    i.xEventGroupCreate  event_groups.o
    0x0800567a   0x0800567a   0x00000092   Code   RO         4058    i.xEventGroupSetBits  event_groups.o
    0x0800570c   0x0800570c   0x000000c8   Code   RO         4060    i.xEventGroupWaitBits  event_groups.o
    0x080057d4   0x080057d4   0x00000034   Code   RO         4640    i.xPortStartScheduler  port.o
    0x08005808   0x08005808   0x00000034   Code   RO         4641    i.xPortSysTickHandler  port.o
    0x0800583c   0x0800583c   0x0000003e   Code   RO         4194    i.xQueueGenericCreate  queue.o
    0x0800587a   0x0800587a   0x00000002   PAD
    0x0800587c   0x0800587c   0x0000013c   Code   RO         4196    i.xQueueGenericReceive  queue.o
    0x080059b8   0x080059b8   0x00000080   Code   RO         4197    i.xQueueGenericReset  queue.o
    0x08005a38   0x08005a38   0x00000118   Code   RO         4198    i.xQueueGenericSend  queue.o
    0x08005b50   0x08005b50   0x00000078   Code   RO         4200    i.xQueueGiveFromISR  queue.o
    0x08005bc8   0x08005bc8   0x0000005c   Code   RO         4362    i.xTaskCheckForTimeOut  tasks.o
    0x08005c24   0x08005c24   0x00000064   Code   RO         4363    i.xTaskCreate       tasks.o
    0x08005c88   0x08005c88   0x0000004e   Code   RO         4364    i.xTaskCreateStatic  tasks.o
    0x08005cd6   0x08005cd6   0x00000002   PAD
    0x08005cd8   0x08005cd8   0x00000020   Code   RO         4367    i.xTaskGetSchedulerState  tasks.o
    0x08005cf8   0x08005cf8   0x0000011c   Code   RO         4370    i.xTaskIncrementTick  tasks.o
    0x08005e14   0x08005e14   0x00000080   Code   RO         4373    i.xTaskRemoveFromEventList  tasks.o
    0x08005e94   0x08005e94   0x00000070   Code   RO         4374    i.xTaskRemoveFromUnorderedEventList  tasks.o
    0x08005f04   0x08005f04   0x000000e8   Code   RO         4375    i.xTaskResumeAll    tasks.o
    0x08005fec   0x08005fec   0x00000020   Data   RO         5071    Region$$Table       anon$$obj.o


    Execution Region RW_IRAM1 (Exec base: 0x20000000, Load base: 0x0800600c, Size: 0x00004d08, Max: 0x00005000, ABSOLUTE)

    Exec Addr    Load Addr    Size         Type   Attr      Idx    E Section Name        Object

    0x20000000   0x0800600c   0x00000014   Data   RW         1694    .data               stm32f10x_rcc.o
    0x20000014   0x08006020   0x0000003e   Data   RW         3122    .data               main.o
    0x20000052   0x0800605e   0x00000002   PAD
    0x20000054   0x08006060   0x0000000e   Data   RW         3292    .data               stm32f10x_it.o
    0x20000062   0x0800606e   0x00000004   Data   RW         3377    .data               bsp_delay.o
    0x20000066   0x08006072   0x00000001   Data   RW         3517    .data               bsp_key.o
    0x20000067   0x08006073   0x00000001   PAD
    0x20000068   0x08006074   0x00000008   Data   RW         3642    .data               bsp_interface.o
    0x20000070   0x0800607c   0x0000000c   Data   RW         3733    .data               ili9486.o
    0x2000007c   0x08006088   0x00000004   Data   RW         3865    .data               bsp_spi.o
    0x20000080   0x0800608c   0x0000003c   Data   RW         4378    .data               tasks.o
    0x200000bc   0x080060c8   0x00000004   Data   RW         4642    .data               port.o
    0x200000c0   0x080060cc   0x00000018   Data   RW         4712    .data               heap_4.o
    0x200000d8   0x080060e4   0x00000004   Data   RW         5047    .data               mc_w.l(stdout.o)
    0x200000dc        -       0x00001a94   Zero   RW         3121    .bss                main.o
    0x20001b70        -       0x000000b4   Zero   RW         3545    .bss                bsp_button.o
    0x20001c24        -       0x000002e4   Zero   RW         4377    .bss                tasks.o
    0x20001f08        -       0x00002800   Zero   RW         4711    .bss                heap_4.o
    0x20004708        -       0x00000600   Zero   RW            1    STACK               startup_stm32f10x_md.o


==============================================================================

Image component sizes


      Code (inc. data)   RO Data    RW Data    ZI Data      Debug   Object Name

        96         12          0          0          0        955   as32-100-c.o
        80         12          0          0          0        935   bsp_beep.o
      2296        268          0          0        180       7953   bsp_button.o
       164         14          0          4          0       1944   bsp_delay.o
       172         12          0          0          0       1465   bsp_exti.o
      3626        640          0          8          0       9226   bsp_interface.o
        36          0          0          0          0        546   bsp_iwdg.o
       288         16          0          1          0       1158   bsp_key.o
       384         66          0          4          0       2757   bsp_spi.o
       450         38          0          0          0       3816   bsp_timer.o
       336         20          0          0          0       3110   bsp_usart.o
       438          6          0          0          0      21742   event_groups.o
      1124         64          0          0          0       8721   gt30l32s4w.o
       508         62          0         24      10240       3739   heap_4.o
      1972         68          0         12          0      11096   ili9486.o
       148          0          0          0          0       3066   list.o
      3698       1194          0         62       6804      33470   main.o
       172         22          0          0          0     262973   misc.o
       400         50          0          4          0       8752   port.o
      1274         14          0          0          0      10302   queue.o
        36          8        236          0       1536        848   startup_stm32f10x_md.o
       200         18          0          0          0       2232   stm32f10x_exti.o
       522         10          0          0          0       5908   stm32f10x_gpio.o
       516         92          0         14          0       7067   stm32f10x_it.o
        68         30          0          0          0       2590   stm32f10x_iwdg.o
       340         44          0         20          0       5760   stm32f10x_rcc.o
       112          0          0          0          0       4002   stm32f10x_spi.o
       250         42          0          0          0       4283   stm32f10x_tim.o
       620         28          0          0          0       7602   stm32f10x_usart.o
       328         28          0          0          0       1901   system_stm32f10x.o
      2510        392          0         60        740      34969   tasks.o

    ----------------------------------------------------------------------
     23196       3270        268        216      19500     474888   Object Totals
         0          0         32          0          0          0   (incl. Generated)
        32          0          0          3          0          0   (incl. Padding)

    ----------------------------------------------------------------------

      Code (inc. data)   RO Data    RW Data    ZI Data      Debug   Library Member Name

         0          0          0          0          0          0   entry.o
         0          0          0          0          0          0   entry10a.o
         0          0          0          0          0          0   entry11a.o
         4          0          0          0          0          0   entry12b.o
         8          4          0          0          0          0   entry2.o
         4          0          0          0          0          0   entry5.o
         0          0          0          0          0          0   entry7b.o
         0          0          0          0          0          0   entry8b.o
         8          4          0          0          0          0   entry9a.o
        30          0          0          0          0          0   handlers.o
        36          8          0          0          0         68   init.o
        36          0          0          0          0         68   memcpya.o
        36          0          0          0          0        108   memseta.o
       916         20          0          0          0        504   printf6.o
         0          0          0          4          0          0   stdout.o
        44          0          0          0          0         80   uidiv.o

    ----------------------------------------------------------------------
      1124         36          0          4          0        828   Library Totals
         2          0          0          0          0          0   (incl. Padding)

    ----------------------------------------------------------------------

      Code (inc. data)   RO Data    RW Data    ZI Data      Debug   Library Name

      1122         36          0          4          0        828   mc_w.l

    ----------------------------------------------------------------------
      1124         36          0          4          0        828   Library Totals

    ----------------------------------------------------------------------

==============================================================================


      Code (inc. data)   RO Data    RW Data    ZI Data      Debug   

     24320       3306        268        220      19500     464844   Grand Totals
     24320       3306        268        220      19500     464844   ELF Image Totals
     24320       3306        268        220          0          0   ROM Totals

==============================================================================

    Total RO  Size (Code + RO Data)                24588 (  24.01kB)
    Total RW  Size (RW Data + ZI Data)             19720 (  19.26kB)
    Total ROM Size (Code + RO Data + RW Data)      24808 (  24.23kB)

==============================================================================

